../Core/Src/main.c:66:6:Motor_Forward	8	static
../Core/Src/main.c:78:6:Motor_Reverse	8	static
../Core/Src/main.c:89:6:Motor_Stop	8	static
../Core/Src/main.c:97:6:Motor_SetSpeed	16	static
../Core/Src/main.c:109:5:main	8	static
../Core/Src/main.c:201:6:SystemClock_Config	104	static
../Core/Src/main.c:242:13:MX_LPTIM1_Init	16	static
../Core/Src/main.c:286:13:MX_TIM1_Init	104	static
../Core/Src/main.c:357:13:MX_GPIO_Init	56	static
../Core/Src/main.c:389:6:Error_Handler	8	static,ignoring_inline_asm
