../Core/Src/main.c:71:6:Motor_Forward	8	static
../Core/Src/main.c:83:6:Motor_Reverse	8	static
../Core/Src/main.c:94:6:Motor_Stop	8	static
../Core/Src/main.c:102:6:Motor_SetSpeed	24	static
../Core/Src/main.c:122:5:main	8	static
../Core/Src/main.c:231:6:SystemClock_Config	104	static
../Core/Src/main.c:272:13:MX_LPTIM1_Init	16	static
../Core/Src/main.c:316:13:MX_TIM1_Init	104	static
../Core/Src/main.c:387:13:MX_GPIO_Init	56	static
../Core/Src/main.c:419:6:Error_Handler	8	static,ignoring_inline_asm
