../Core/Src/main.c:192:13:LED_AllOff	8	static
../Core/Src/main.c:241:13:PWM_StopAll	8	static
../Core/Src/main.c:225:13:Motor_HardStop	8	static
../Core/Src/main.c:255:13:Motor_StartTimer	8	static
../Core/Src/main.c:845:13:MX_GPIO_Init	64	static
../Core/Src/main.c:780:13:MX_TIM1_Init	104	static,ignoring_inline_asm
../Core/Src/main.c:730:13:MX_LPTIM1_Init	16	static,ignoring_inline_asm
../Core/Src/main.c:700:13:MX_ADC1_Init	24	static,ignoring_inline_asm
../Core/Src/main.c:270:6:Motor_Forward	8	static
../Core/Src/main.c:292:6:Motor_Reverse	8	static
../Core/Src/main.c:313:6:Motor_Stop	8	static
../Core/Src/main.c:335:6:Motor_SetSpeed	16	static
../Core/Src/main.c:370:7:Get_Motor_Current	24	static
../Core/Src/main.c:399:7:Update_Moving_Average	24	static
../Core/Src/main.c:611:6:HAL_UART_RxCpltCallback	0	static
../Core/Src/main.c:676:6:SystemClock_Config	96	static,ignoring_inline_asm
../Core/Src/main.c:897:6:Gerer_Erreur_Moteur	16	static
../Core/Src/main.c:918:6:Update_LED_Timeout	8	static
../Core/Src/main.c:989:6:Enter_Low_Power_Mode	128	static
../Core/Src/main.c:618:5:main	136	static,ignoring_inline_asm
../Core/Src/main.c:1061:6:Error_Handler	0	static,ignoring_inline_asm
