../Core/Src/main.c:95:6:Motor_Forward	1
../Core/Src/main.c:117:6:Motor_Reverse	1
../Core/Src/main.c:139:6:Motor_Stop	1
../Core/Src/main.c:156:6:Motor_SetSpeed	4
../Core/Src/main.c:168:7:Get_Motor_Current	3
../Core/Src/main.c:189:7:Update_Moving_Average	2
../Core/Src/main.c:213:5:main	23
../Core/Src/main.c:380:6:SystemClock_Config	3
../Core/Src/main.c:421:13:MX_ADC1_Init	3
../Core/Src/main.c:477:13:MX_LPTIM1_Init	3
../Core/Src/main.c:518:13:MX_TIM1_Init	5
../Core/Src/main.c:586:13:MX_USART2_UART_Init	5
../Core/Src/main.c:634:13:MX_GPIO_Init	1
../Core/Src/main.c:665:6:Error_Handler	1
