../Core/Src/main.c:81:6:Motor_Forward	8	static
../Core/Src/main.c:97:6:Motor_Reverse	8	static
../Core/Src/main.c:114:6:Motor_Stop	8	static
../Core/Src/main.c:126:6:Motor_SetSpeed	24	static
../Core/Src/main.c:141:7:Get_Motor_Current	24	static
../Core/Src/main.c:163:7:Update_Moving_Average	24	static
../Core/Src/main.c:187:5:main	40	static
../Core/Src/main.c:284:6:SystemClock_Config	104	static
../Core/Src/main.c:325:13:MX_ADC1_Init	24	static
../Core/Src/main.c:381:13:MX_LPTIM1_Init	16	static
../Core/Src/main.c:422:13:MX_TIM1_Init	104	static
../Core/Src/main.c:490:13:MX_USART2_UART_Init	8	static
../Core/Src/main.c:538:13:MX_GPIO_Init	56	static
../Core/Src/main.c:569:6:Error_Handler	8	static,ignoring_inline_asm
