../Core/Src/main.c:73:6:Motor_Forward	8	static
../Core/Src/main.c:83:6:Motor_Reverse	8	static
../Core/Src/main.c:92:6:Motor_Stop	8	static
../Core/Src/main.c:99:6:Motor_SetSpeed	24	static
../Core/Src/main.c:113:7:Get_Motor_Current	16	static
../Core/Src/main.c:141:5:main	40	static
../Core/Src/main.c:245:6:SystemClock_Config	104	static
../Core/Src/main.c:286:13:MX_ADC1_Init	24	static
../Core/Src/main.c:342:13:MX_LPTIM1_Init	16	static
../Core/Src/main.c:383:13:MX_TIM1_Init	104	static
../Core/Src/main.c:451:13:MX_GPIO_Init	56	static
../Core/Src/main.c:482:6:Error_Handler	8	static,ignoring_inline_asm
