../Core/Src/main.c:82:6:Motor_Forward	8	static
../Core/Src/main.c:100:6:Motor_Reverse	8	static
../Core/Src/main.c:117:6:Motor_Stop	8	static
../Core/Src/main.c:128:6:Motor_SetSpeed	16	static
../Core/Src/main.c:138:7:Get_Motor_Current	24	static
../Core/Src/main.c:156:7:Update_Moving_Average	24	static
../Core/Src/main.c:177:5:main	80	static
../Core/Src/main.c:298:6:SystemClock_Config	104	static
../Core/Src/main.c:334:13:MX_ADC1_Init	24	static
../Core/Src/main.c:383:13:MX_LPTIM1_Init	16	static
../Core/Src/main.c:419:13:MX_TIM1_Init	104	static
../Core/Src/main.c:482:13:MX_USART2_UART_Init	8	static
../Core/Src/main.c:523:13:MX_GPIO_Init	56	static
../Core/Src/main.c:544:6:Enter_Low_Power_Mode	56	static
../Core/Src/main.c:622:6:Error_Handler	8	static,ignoring_inline_asm
