../Core/Src/main.c:71:6:Motor_Forward	8	static
../Core/Src/main.c:81:6:Motor_Reverse	8	static
../Core/Src/main.c:90:6:Motor_Stop	8	static
../Core/Src/main.c:97:6:Motor_SetSpeed	24	static
../Core/Src/main.c:109:7:Get_Motor_Current	16	static
../Core/Src/main.c:130:5:main	40	static
../Core/Src/main.c:234:6:SystemClock_Config	104	static
../Core/Src/main.c:275:13:MX_ADC1_Init	24	static
../Core/Src/main.c:331:13:MX_LPTIM1_Init	16	static
../Core/Src/main.c:372:13:MX_TIM1_Init	104	static
../Core/Src/main.c:440:13:MX_GPIO_Init	56	static
../Core/Src/main.c:471:6:Error_Handler	8	static,ignoring_inline_asm
