../Core/Src/main.c:95:6:Motor_Forward	8	static
../Core/Src/main.c:116:6:Motor_Reverse	8	static
../Core/Src/main.c:138:6:Motor_Stop	8	static
../Core/Src/main.c:155:6:Motor_SetSpeed	24	static
../Core/Src/main.c:170:7:Get_Motor_Current	24	static
../Core/Src/main.c:192:7:Update_Moving_Average	24	static
../Core/Src/main.c:216:5:main	88	static
../Core/Src/main.c:340:6:SystemClock_Config	104	static
../Core/Src/main.c:381:13:MX_ADC1_Init	24	static
../Core/Src/main.c:437:13:MX_LPTIM1_Init	16	static
../Core/Src/main.c:478:13:MX_TIM1_Init	104	static
../Core/Src/main.c:546:13:MX_USART2_UART_Init	8	static
../Core/Src/main.c:594:13:MX_GPIO_Init	56	static
../Core/Src/main.c:625:6:Error_Handler	8	static,ignoring_inline_asm
