../Core/Src/main.c:76:6:Motor_Forward	8	static
../Core/Src/main.c:94:6:Motor_Reverse	8	static
../Core/Src/main.c:111:6:Motor_Stop	8	static
../Core/Src/main.c:122:6:Motor_SetSpeed	16	static
../Core/Src/main.c:132:7:Get_Motor_Current	24	static
../Core/Src/main.c:150:7:Update_Moving_Average	24	static
../Core/Src/main.c:171:5:main	80	static,ignoring_inline_asm
../Core/Src/main.c:323:6:SystemClock_Config	104	static
../Core/Src/main.c:359:13:MX_ADC1_Init	24	static
../Core/Src/main.c:408:13:MX_LPTIM1_Init	16	static
../Core/Src/main.c:444:13:MX_TIM1_Init	104	static
../Core/Src/main.c:507:13:MX_USART2_UART_Init	8	static
../Core/Src/main.c:548:13:MX_GPIO_Init	56	static
../Core/Src/main.c:574:6:Error_Handler	8	static,ignoring_inline_asm
