../Core/Src/main.c:107:13:PWM_StopAll	8	static
../Core/Src/main.c:117:13:Motor_StartTimer	8	static
../Core/Src/main.c:128:6:Motor_Forward	8	static
../Core/Src/main.c:144:6:Motor_Reverse	8	static
../Core/Src/main.c:160:6:Motor_Stop	8	static
../Core/Src/main.c:173:6:Motor_SetSpeed	16	static
../Core/Src/main.c:203:7:Get_Motor_Current	16	static
../Core/Src/main.c:223:7:Update_Moving_Average	24	static
../Core/Src/main.c:239:13:UART_Send_Status	88	static
../Core/Src/main.c:253:13:Motor_Security_FSM	24	static
../Core/Src/main.c:296:13:Motor_Periodic_Update	16	static
../Core/Src/main.c:312:13:Process_UART_Command	24	static
../Core/Src/main.c:349:6:HAL_UART_RxCpltCallback	16	static
../Core/Src/main.c:356:5:main	8	static
../Core/Src/main.c:406:6:SystemClock_Config	104	static
../Core/Src/main.c:430:13:MX_ADC1_Init	24	static
../Core/Src/main.c:460:13:MX_LPTIM1_Init	16	static
../Core/Src/main.c:481:13:MX_RTC_Init	32	static
../Core/Src/main.c:510:13:MX_TIM1_Init	104	static
../Core/Src/main.c:555:13:MX_USART2_UART_Init	8	static
../Core/Src/main.c:574:13:MX_GPIO_Init	56	static
../Core/Src/main.c:616:6:Update_LED_Timeout	8	static
../Core/Src/main.c:636:13:Clock_SwitchToSleep	80	static
../Core/Src/main.c:653:13:Clock_SwitchToFullSpeed	80	static
../Core/Src/main.c:670:6:Enter_Low_Power_Mode	56	static
../Core/Src/main.c:726:6:Error_Handler	8	static,ignoring_inline_asm
