../Core/Src/main.c:79:6:Motor_Forward	8	static
../Core/Src/main.c:94:6:Motor_Reverse	8	static
../Core/Src/main.c:111:6:Motor_Stop	8	static
../Core/Src/main.c:118:6:Motor_SetSpeed	24	static
../Core/Src/main.c:133:7:Get_Motor_Current	24	static
../Core/Src/main.c:155:7:Update_Moving_Average	24	static
../Core/Src/main.c:179:5:main	40	static
../Core/Src/main.c:286:6:SystemClock_Config	104	static
../Core/Src/main.c:327:13:MX_ADC1_Init	24	static
../Core/Src/main.c:383:13:MX_LPTIM1_Init	16	static
../Core/Src/main.c:424:13:MX_TIM1_Init	104	static
../Core/Src/main.c:492:13:MX_GPIO_Init	56	static
../Core/Src/main.c:523:6:Error_Handler	8	static,ignoring_inline_asm
