../Core/Src/main.c:103:13:PWM_StopAll	8	static
../Core/Src/main.c:114:13:Motor_StartTimer	8	static
../Core/Src/main.c:127:6:Motor_Forward	8	static
../Core/Src/main.c:148:6:Motor_Reverse	8	static
../Core/Src/main.c:168:6:Motor_Stop	8	static
../Core/Src/main.c:185:6:Motor_SetSpeed	16	static
../Core/Src/main.c:202:7:Get_Motor_Current	16	static
../Core/Src/main.c:229:7:Update_Moving_Average	24	static
../Core/Src/main.c:252:13:UART_Send_Status	72	static
../Core/Src/main.c:275:13:Motor_Security_FSM	24	static
../Core/Src/main.c:335:13:Motor_Periodic_Update	16	static
../Core/Src/main.c:360:13:Process_UART_Command	8	static
../Core/Src/main.c:388:6:HAL_UART_RxCpltCallback	16	static
../Core/Src/main.c:402:5:main	8	static
../Core/Src/main.c:465:6:SystemClock_Config	104	static
../Core/Src/main.c:491:13:MX_ADC1_Init	24	static
../Core/Src/main.c:537:13:MX_LPTIM1_Init	16	static
../Core/Src/main.c:574:13:MX_TIM1_Init	104	static
../Core/Src/main.c:635:13:MX_USART2_UART_Init	8	static
../Core/Src/main.c:668:13:MX_GPIO_Init	56	static
../Core/Src/main.c:707:6:Enter_Low_Power_Mode	56	static
../Core/Src/main.c:781:6:Error_Handler	8	static,ignoring_inline_asm
