../Core/Src/main.c:95:6:Motor_Forward	8	static
../Core/Src/main.c:117:6:Motor_Reverse	8	static
../Core/Src/main.c:139:6:Motor_Stop	8	static
../Core/Src/main.c:156:6:Motor_SetSpeed	16	static
../Core/Src/main.c:168:7:Get_Motor_Current	24	static
../Core/Src/main.c:189:7:Update_Moving_Average	24	static
../Core/Src/main.c:213:5:main	80	static
../Core/Src/main.c:380:6:SystemClock_Config	104	static
../Core/Src/main.c:421:13:MX_ADC1_Init	24	static
../Core/Src/main.c:477:13:MX_LPTIM1_Init	16	static
../Core/Src/main.c:518:13:MX_TIM1_Init	104	static
../Core/Src/main.c:586:13:MX_USART2_UART_Init	8	static
../Core/Src/main.c:634:13:MX_GPIO_Init	56	static
../Core/Src/main.c:665:6:Error_Handler	8	static,ignoring_inline_asm
