../Core/Src/main.c:190:13:LED_AllOff	8	static
../Core/Src/main.c:239:13:PWM_StopAll	8	static
../Core/Src/main.c:223:13:Motor_HardStop	8	static
../Core/Src/main.c:253:13:Motor_StartTimer	8	static
../Core/Src/main.c:817:13:MX_GPIO_Init	64	static
../Core/Src/main.c:752:13:MX_TIM1_Init	104	static,ignoring_inline_asm
../Core/Src/main.c:702:13:MX_LPTIM1_Init	16	static,ignoring_inline_asm
../Core/Src/main.c:672:13:MX_ADC1_Init	24	static,ignoring_inline_asm
../Core/Src/main.c:268:6:Motor_Forward	8	static
../Core/Src/main.c:290:6:Motor_Reverse	8	static
../Core/Src/main.c:311:6:Motor_Stop	8	static
../Core/Src/main.c:333:6:Motor_SetSpeed	16	static
../Core/Src/main.c:368:7:Get_Motor_Current	24	static
../Core/Src/main.c:397:7:Update_Moving_Average	24	static
../Core/Src/main.c:583:6:HAL_UART_RxCpltCallback	0	static
../Core/Src/main.c:648:6:SystemClock_Config	96	static,ignoring_inline_asm
../Core/Src/main.c:869:6:Gerer_Erreur_Moteur	16	static
../Core/Src/main.c:890:6:Update_LED_Timeout	8	static
../Core/Src/main.c:961:6:Enter_Low_Power_Mode	128	static
../Core/Src/main.c:590:5:main	88	static,ignoring_inline_asm
../Core/Src/main.c:1033:6:Error_Handler	0	static,ignoring_inline_asm
