../Core/Src/main.c:81:6:Motor_Forward	1
../Core/Src/main.c:97:6:Motor_Reverse	1
../Core/Src/main.c:114:6:Motor_Stop	1
../Core/Src/main.c:126:6:Motor_SetSpeed	4
../Core/Src/main.c:141:7:Get_Motor_Current	3
../Core/Src/main.c:163:7:Update_Moving_Average	2
../Core/Src/main.c:187:5:main	12
../Core/Src/main.c:284:6:SystemClock_Config	3
../Core/Src/main.c:325:13:MX_ADC1_Init	3
../Core/Src/main.c:381:13:MX_LPTIM1_Init	3
../Core/Src/main.c:422:13:MX_TIM1_Init	5
../Core/Src/main.c:490:13:MX_USART2_UART_Init	5
../Core/Src/main.c:538:13:MX_GPIO_Init	1
../Core/Src/main.c:569:6:Error_Handler	1
