../Core/Src/stm32u0xx_hal_msp.c:67:6:HAL_MspInit	8	static
../Core/Src/stm32u0xx_hal_msp.c:90:6:HAL_ADC_MspInit	96	static
../Core/Src/stm32u0xx_hal_msp.c:134:6:HAL_ADC_MspDeInit	8	static
../Core/Src/stm32u0xx_hal_msp.c:162:6:HAL_LPTIM_MspInit	72	static
../Core/Src/stm32u0xx_hal_msp.c:189:6:HAL_LPTIM_MspPostInit	32	static
../Core/Src/stm32u0xx_hal_msp.c:221:6:HAL_LPTIM_MspDeInit	0	static
../Core/Src/stm32u0xx_hal_msp.c:243:6:HAL_RTC_MspInit	72	static
../Core/Src/stm32u0xx_hal_msp.c:278:6:HAL_RTC_MspDeInit	0	static
../Core/Src/stm32u0xx_hal_msp.c:301:6:HAL_TIM_PWM_MspInit	72	static
../Core/Src/stm32u0xx_hal_msp.c:328:6:HAL_TIM_MspPostInit	32	static
../Core/Src/stm32u0xx_hal_msp.c:360:6:HAL_TIM_PWM_MspDeInit	0	static
../Core/Src/stm32u0xx_hal_msp.c:381:6:HAL_UART_MspInit	96	static
../Core/Src/stm32u0xx_hal_msp.c:431:6:HAL_UART_MspDeInit	8	static
