../Drivers/STM32U0xx_HAL_Driver/Src/stm32u0xx_hal_tim_ex.c:2781:13:TIM_CCxNChannelCmd	8	static
../Drivers/STM32U0xx_HAL_Driver/Src/stm32u0xx_hal_tim_ex.c:2736:13:TIM_DMAErrorCCxN	8	static
../Drivers/STM32U0xx_HAL_Driver/Src/stm32u0xx_hal_tim_ex.c:2686:13:TIM_DMADelayPulseNCplt	8	static
../Drivers/STM32U0xx_HAL_Driver/Src/stm32u0xx_hal_tim_ex.c:298:13:HAL_TIMEx_HallSensor_MspInit	0	static
../Drivers/STM32U0xx_HAL_Driver/Src/stm32u0xx_hal_tim_ex.c:151:19:HAL_TIMEx_HallSensor_Init	56	static
../Drivers/STM32U0xx_HAL_Driver/Src/stm32u0xx_hal_tim_ex.c:313:13:HAL_TIMEx_HallSensor_MspDeInit	0	static
../Drivers/STM32U0xx_HAL_Driver/Src/stm32u0xx_hal_tim_ex.c:253:19:HAL_TIMEx_HallSensor_DeInit	16	static
../Drivers/STM32U0xx_HAL_Driver/Src/stm32u0xx_hal_tim_ex.c:328:19:HAL_TIMEx_HallSensor_Start	32	static
../Drivers/STM32U0xx_HAL_Driver/Src/stm32u0xx_hal_tim_ex.c:382:19:HAL_TIMEx_HallSensor_Stop	8	static
../Drivers/STM32U0xx_HAL_Driver/Src/stm32u0xx_hal_tim_ex.c:410:19:HAL_TIMEx_HallSensor_Start_IT	32	static
../Drivers/STM32U0xx_HAL_Driver/Src/stm32u0xx_hal_tim_ex.c:467:19:HAL_TIMEx_HallSensor_Stop_IT	8	static
../Drivers/STM32U0xx_HAL_Driver/Src/stm32u0xx_hal_tim_ex.c:500:19:HAL_TIMEx_HallSensor_Start_DMA	24	static
../Drivers/STM32U0xx_HAL_Driver/Src/stm32u0xx_hal_tim_ex.c:576:19:HAL_TIMEx_HallSensor_Stop_DMA	8	static
../Drivers/STM32U0xx_HAL_Driver/Src/stm32u0xx_hal_tim_ex.c:638:19:HAL_TIMEx_OCN_Start	8	static
../Drivers/STM32U0xx_HAL_Driver/Src/stm32u0xx_hal_tim_ex.c:689:19:HAL_TIMEx_OCN_Stop	16	static
../Drivers/STM32U0xx_HAL_Driver/Src/stm32u0xx_hal_tim_ex.c:721:19:HAL_TIMEx_OCN_Start_IT	8	static
../Drivers/STM32U0xx_HAL_Driver/Src/stm32u0xx_hal_tim_ex.c:808:19:HAL_TIMEx_OCN_Stop_IT	16	static
../Drivers/STM32U0xx_HAL_Driver/Src/stm32u0xx_hal_tim_ex.c:883:19:HAL_TIMEx_OCN_Start_DMA	16	static
../Drivers/STM32U0xx_HAL_Driver/Src/stm32u0xx_hal_tim_ex.c:1021:19:HAL_TIMEx_OCN_Stop_DMA	16	static
../Drivers/STM32U0xx_HAL_Driver/Src/stm32u0xx_hal_tim_ex.c:1111:19:HAL_TIMEx_PWMN_Start	8	static
../Drivers/STM32U0xx_HAL_Driver/Src/stm32u0xx_hal_tim_ex.c:1161:19:HAL_TIMEx_PWMN_Stop	8	static
../Drivers/STM32U0xx_HAL_Driver/Src/stm32u0xx_hal_tim_ex.c:1193:19:HAL_TIMEx_PWMN_Start_IT	8	static
../Drivers/STM32U0xx_HAL_Driver/Src/stm32u0xx_hal_tim_ex.c:1279:19:HAL_TIMEx_PWMN_Stop_IT	8	static
../Drivers/STM32U0xx_HAL_Driver/Src/stm32u0xx_hal_tim_ex.c:1354:19:HAL_TIMEx_PWMN_Start_DMA	8	static
../Drivers/STM32U0xx_HAL_Driver/Src/stm32u0xx_hal_tim_ex.c:1492:19:HAL_TIMEx_PWMN_Stop_DMA	8	static
../Drivers/STM32U0xx_HAL_Driver/Src/stm32u0xx_hal_tim_ex.c:1583:19:HAL_TIMEx_OnePulseN_Start	40	static
../Drivers/STM32U0xx_HAL_Driver/Src/stm32u0xx_hal_tim_ex.c:1632:19:HAL_TIMEx_OnePulseN_Stop	16	static
../Drivers/STM32U0xx_HAL_Driver/Src/stm32u0xx_hal_tim_ex.c:1671:19:HAL_TIMEx_OnePulseN_Start_IT	40	static
../Drivers/STM32U0xx_HAL_Driver/Src/stm32u0xx_hal_tim_ex.c:1726:19:HAL_TIMEx_OnePulseN_Stop_IT	16	static
../Drivers/STM32U0xx_HAL_Driver/Src/stm32u0xx_hal_tim_ex.c:1807:19:HAL_TIMEx_ConfigCommutEvent	12	static
../Drivers/STM32U0xx_HAL_Driver/Src/stm32u0xx_hal_tim_ex.c:1863:19:HAL_TIMEx_ConfigCommutEvent_IT	12	static
../Drivers/STM32U0xx_HAL_Driver/Src/stm32u0xx_hal_tim_ex.c:1920:19:HAL_TIMEx_ConfigCommutEvent_DMA	16	static
../Drivers/STM32U0xx_HAL_Driver/Src/stm32u0xx_hal_tim_ex.c:1969:19:HAL_TIMEx_MasterConfigSynchronization	20	static
../Drivers/STM32U0xx_HAL_Driver/Src/stm32u0xx_hal_tim_ex.c:2042:19:HAL_TIMEx_ConfigBreakDeadTime	8	static
../Drivers/STM32U0xx_HAL_Driver/Src/stm32u0xx_hal_tim_ex.c:2110:19:HAL_TIMEx_ConfigBreakInput	32	static
../Drivers/STM32U0xx_HAL_Driver/Src/stm32u0xx_hal_tim_ex.c:2245:19:HAL_TIMEx_RemapConfig	8	static
../Drivers/STM32U0xx_HAL_Driver/Src/stm32u0xx_hal_tim_ex.c:2306:20:HAL_TIMEx_TISelection	12	static
../Drivers/STM32U0xx_HAL_Driver/Src/stm32u0xx_hal_tim_ex.c:2345:19:HAL_TIMEx_GroupChannel5	12	static
../Drivers/STM32U0xx_HAL_Driver/Src/stm32u0xx_hal_tim_ex.c:2383:19:HAL_TIMEx_DisarmBreakInput	0	static
../Drivers/STM32U0xx_HAL_Driver/Src/stm32u0xx_hal_tim_ex.c:2437:19:HAL_TIMEx_ReArmBreakInput	16	static
../Drivers/STM32U0xx_HAL_Driver/Src/stm32u0xx_hal_tim_ex.c:2526:13:HAL_TIMEx_CommutCallback	0	static
../Drivers/STM32U0xx_HAL_Driver/Src/stm32u0xx_hal_tim_ex.c:2647:6:TIMEx_DMACommutationCplt	8	static
../Drivers/STM32U0xx_HAL_Driver/Src/stm32u0xx_hal_tim_ex.c:2540:13:HAL_TIMEx_CommutHalfCpltCallback	0	static
../Drivers/STM32U0xx_HAL_Driver/Src/stm32u0xx_hal_tim_ex.c:2666:6:TIMEx_DMACommutationHalfCplt	8	static
../Drivers/STM32U0xx_HAL_Driver/Src/stm32u0xx_hal_tim_ex.c:2555:13:HAL_TIMEx_BreakCallback	0	static
../Drivers/STM32U0xx_HAL_Driver/Src/stm32u0xx_hal_tim_ex.c:2570:13:HAL_TIMEx_Break2Callback	0	static
../Drivers/STM32U0xx_HAL_Driver/Src/stm32u0xx_hal_tim_ex.c:2603:22:HAL_TIMEx_HallSensor_GetState	0	static
../Drivers/STM32U0xx_HAL_Driver/Src/stm32u0xx_hal_tim_ex.c:2618:29:HAL_TIMEx_GetChannelNState	0	static
