../Core/Src/affichagemenu.c:71:6:affichecarre	24	static
../Core/Src/affichagemenu.c:87:6:effaceligne	8	static
../Core/Src/affichagemenu.c:94:6:effaceligne2	8	static
../Core/Src/affichagemenu.c:101:6:effaceligne3	8	static
../Core/Src/affichagemenu.c:108:6:afficheecran1	8	static
../Core/Src/affichagemenu.c:138:6:afficheecran2	8	static
../Core/Src/affichagemenu.c:219:6:afficheecran3	16	static
../Core/Src/affichagemenu.c:237:6:afficheecran4	16	static
../Core/Src/affichagemenu.c:255:6:afficheecran5	16	static
../Core/Src/affichagemenu.c:273:6:afficheecran6	16	static
../Core/Src/affichagemenu.c:291:6:afficheecran7	16	static
../Core/Src/affichagemenu.c:309:6:afficheecran8	24	static
../Core/Src/affichagemenu.c:522:6:afficheecran9	16	static
../Core/Src/affichagemenu.c:596:6:afficheecran10	8	static
../Core/Src/affichagemenu.c:628:6:afficheecran11	16	static
../Core/Src/affichagemenu.c:667:6:afficheecran12	16	static
../Core/Src/affichagemenu.c:707:6:afficheecran13	8	static
../Core/Src/affichagemenu.c:749:6:afficheecran20	8	static
../Core/Src/affichagemenu.c:782:6:afficheecran21	16	static
../Core/Src/affichagemenu.c:820:6:afficheecran22	16	static
../Core/Src/affichagemenu.c:859:6:afficheecran23	8	static
../Core/Src/affichagemenu.c:902:6:afficheecran24	16	static
../Core/Src/affichagemenu.c:937:6:afficheecran25	16	static
