../Core/Src/affichagemenu.c:67:6:affichecarre	24	static
../Core/Src/affichagemenu.c:83:6:effaceligne	8	static
../Core/Src/affichagemenu.c:90:6:effaceligne2	8	static
../Core/Src/affichagemenu.c:97:6:effaceligne3	8	static
../Core/Src/affichagemenu.c:104:6:afficheecran1	8	static
../Core/Src/affichagemenu.c:134:6:afficheecran2	8	static
../Core/Src/affichagemenu.c:215:6:afficheecran3	16	static
../Core/Src/affichagemenu.c:235:6:afficheecran4	16	static
../Core/Src/affichagemenu.c:253:6:afficheecran5	16	static
../Core/Src/affichagemenu.c:271:6:afficheecran6	16	static
../Core/Src/affichagemenu.c:289:6:afficheecran7	16	static
../Core/Src/affichagemenu.c:307:6:afficheecran8	8	static
../Core/Src/affichagemenu.c:518:6:afficheecran9	16	static
../Core/Src/affichagemenu.c:592:6:afficheecran10	8	static
../Core/Src/affichagemenu.c:624:6:afficheecran11	16	static
../Core/Src/affichagemenu.c:663:6:afficheecran12	16	static
../Core/Src/affichagemenu.c:703:6:afficheecran13	8	static
../Core/Src/affichagemenu.c:745:6:afficheecran20	8	static
../Core/Src/affichagemenu.c:778:6:afficheecran21	16	static
../Core/Src/affichagemenu.c:816:6:afficheecran22	16	static
../Core/Src/affichagemenu.c:855:6:afficheecran23	8	static
../Core/Src/affichagemenu.c:898:6:afficheecran24	16	static
../Core/Src/affichagemenu.c:933:6:afficheecran25	16	static
