../Core/Src/graphics.c:327:6:setColor	16	static
../Core/Src/graphics.c:334:6:setBackgroundColor	16	static
../Core/Src/graphics.c:345:6:clearScreen	40	static
../Core/Src/graphics.c:362:6:drawPixel	24	static
../Core/Src/graphics.c:371:6:drawString	32	static
../Core/Src/graphics.c:416:6:drawCharSm	32	static
../Core/Src/graphics.c:436:6:drawCharSmBkg	32	static
../Core/Src/graphics.c:466:6:drawCharLg	32	static
../Core/Src/graphics.c:486:6:drawCharLgBkg	32	static
../Core/Src/graphics.c:514:6:drawCharMd	32	static
../Core/Src/graphics.c:535:6:drawCharMdBkg	32	static
../Core/Src/graphics.c:566:6:drawImage	24	static
../Core/Src/graphics.c:573:6:drawImageLut	24	static
../Core/Src/graphics.c:580:6:drawImageMono	24	static
../Core/Src/graphics.c:590:6:drawLogicLine	32	static
../Core/Src/graphics.c:619:6:drawLine	56	static
../Core/Src/graphics.c:698:6:drawRect	24	static
../Core/Src/graphics.c:706:6:drawCircle	48	static
../Core/Src/graphics.c:736:6:fillRect	32	static
../Core/Src/graphics.c:747:6:fillCircle	48	static
