../Core/Src/main.c:76:6:Motor_Forward	1
../Core/Src/main.c:94:6:Motor_Reverse	1
../Core/Src/main.c:111:6:Motor_Stop	1
../Core/Src/main.c:122:6:Motor_SetSpeed	4
../Core/Src/main.c:132:7:Get_Motor_Current	3
../Core/Src/main.c:150:7:Update_Moving_Average	2
../Core/Src/main.c:171:5:main	13
../Core/Src/main.c:264:6:SystemClock_Config	3
../Core/Src/main.c:300:13:MX_ADC1_Init	3
../Core/Src/main.c:349:13:MX_LPTIM1_Init	3
../Core/Src/main.c:385:13:MX_TIM1_Init	5
../Core/Src/main.c:448:13:MX_USART2_UART_Init	5
../Core/Src/main.c:489:13:MX_GPIO_Init	1
../Core/Src/main.c:510:6:HAL_UART_RxCpltCallback	10
../Core/Src/main.c:530:6:Error_Handler	1
