Archive member included to satisfy reference by file (symbol)

C:/ST/STM32CubeIDE_1.15.1/STM32CubeIDE/plugins/com.st.stm32cube.ide.mcu.externaltools.gnu-tools-for-stm32.12.3.rel1.win32_1.0.100.202403111256/tools/bin/../lib/gcc/arm-none-eabi/12.3.1/../../../../arm-none-eabi/lib/thumb/v6-m/nofp\libc_nano.a(libc_a-exit.o)
                              C:/ST/STM32CubeIDE_1.15.1/STM32CubeIDE/plugins/com.st.stm32cube.ide.mcu.externaltools.gnu-tools-for-stm32.12.3.rel1.win32_1.0.100.202403111256/tools/bin/../lib/gcc/arm-none-eabi/12.3.1/../../../../arm-none-eabi/lib/thumb/v6-m/nofp/crt0.o (exit)
C:/ST/STM32CubeIDE_1.15.1/STM32CubeIDE/plugins/com.st.stm32cube.ide.mcu.externaltools.gnu-tools-for-stm32.12.3.rel1.win32_1.0.100.202403111256/tools/bin/../lib/gcc/arm-none-eabi/12.3.1/../../../../arm-none-eabi/lib/thumb/v6-m/nofp\libc_nano.a(libc_a-findfp.o)
                              C:/ST/STM32CubeIDE_1.15.1/STM32CubeIDE/plugins/com.st.stm32cube.ide.mcu.externaltools.gnu-tools-for-stm32.12.3.rel1.win32_1.0.100.202403111256/tools/bin/../lib/gcc/arm-none-eabi/12.3.1/../../../../arm-none-eabi/lib/thumb/v6-m/nofp\libc_nano.a(libc_a-exit.o) (__stdio_exit_handler)
C:/ST/STM32CubeIDE_1.15.1/STM32CubeIDE/plugins/com.st.stm32cube.ide.mcu.externaltools.gnu-tools-for-stm32.12.3.rel1.win32_1.0.100.202403111256/tools/bin/../lib/gcc/arm-none-eabi/12.3.1/../../../../arm-none-eabi/lib/thumb/v6-m/nofp\libc_nano.a(libc_a-fwalk.o)
                              C:/ST/STM32CubeIDE_1.15.1/STM32CubeIDE/plugins/com.st.stm32cube.ide.mcu.externaltools.gnu-tools-for-stm32.12.3.rel1.win32_1.0.100.202403111256/tools/bin/../lib/gcc/arm-none-eabi/12.3.1/../../../../arm-none-eabi/lib/thumb/v6-m/nofp\libc_nano.a(libc_a-findfp.o) (_fwalk_sglue)
C:/ST/STM32CubeIDE_1.15.1/STM32CubeIDE/plugins/com.st.stm32cube.ide.mcu.externaltools.gnu-tools-for-stm32.12.3.rel1.win32_1.0.100.202403111256/tools/bin/../lib/gcc/arm-none-eabi/12.3.1/../../../../arm-none-eabi/lib/thumb/v6-m/nofp\libc_nano.a(libc_a-stdio.o)
                              C:/ST/STM32CubeIDE_1.15.1/STM32CubeIDE/plugins/com.st.stm32cube.ide.mcu.externaltools.gnu-tools-for-stm32.12.3.rel1.win32_1.0.100.202403111256/tools/bin/../lib/gcc/arm-none-eabi/12.3.1/../../../../arm-none-eabi/lib/thumb/v6-m/nofp\libc_nano.a(libc_a-findfp.o) (__sread)
C:/ST/STM32CubeIDE_1.15.1/STM32CubeIDE/plugins/com.st.stm32cube.ide.mcu.externaltools.gnu-tools-for-stm32.12.3.rel1.win32_1.0.100.202403111256/tools/bin/../lib/gcc/arm-none-eabi/12.3.1/../../../../arm-none-eabi/lib/thumb/v6-m/nofp\libc_nano.a(libc_a-memset.o)
                              C:/ST/STM32CubeIDE_1.15.1/STM32CubeIDE/plugins/com.st.stm32cube.ide.mcu.externaltools.gnu-tools-for-stm32.12.3.rel1.win32_1.0.100.202403111256/tools/bin/../lib/gcc/arm-none-eabi/12.3.1/../../../../arm-none-eabi/lib/thumb/v6-m/nofp/crt0.o (memset)
C:/ST/STM32CubeIDE_1.15.1/STM32CubeIDE/plugins/com.st.stm32cube.ide.mcu.externaltools.gnu-tools-for-stm32.12.3.rel1.win32_1.0.100.202403111256/tools/bin/../lib/gcc/arm-none-eabi/12.3.1/../../../../arm-none-eabi/lib/thumb/v6-m/nofp\libc_nano.a(libc_a-closer.o)
                              C:/ST/STM32CubeIDE_1.15.1/STM32CubeIDE/plugins/com.st.stm32cube.ide.mcu.externaltools.gnu-tools-for-stm32.12.3.rel1.win32_1.0.100.202403111256/tools/bin/../lib/gcc/arm-none-eabi/12.3.1/../../../../arm-none-eabi/lib/thumb/v6-m/nofp\libc_nano.a(libc_a-stdio.o) (_close_r)
C:/ST/STM32CubeIDE_1.15.1/STM32CubeIDE/plugins/com.st.stm32cube.ide.mcu.externaltools.gnu-tools-for-stm32.12.3.rel1.win32_1.0.100.202403111256/tools/bin/../lib/gcc/arm-none-eabi/12.3.1/../../../../arm-none-eabi/lib/thumb/v6-m/nofp\libc_nano.a(libc_a-reent.o)
                              C:/ST/STM32CubeIDE_1.15.1/STM32CubeIDE/plugins/com.st.stm32cube.ide.mcu.externaltools.gnu-tools-for-stm32.12.3.rel1.win32_1.0.100.202403111256/tools/bin/../lib/gcc/arm-none-eabi/12.3.1/../../../../arm-none-eabi/lib/thumb/v6-m/nofp\libc_nano.a(libc_a-closer.o) (errno)
C:/ST/STM32CubeIDE_1.15.1/STM32CubeIDE/plugins/com.st.stm32cube.ide.mcu.externaltools.gnu-tools-for-stm32.12.3.rel1.win32_1.0.100.202403111256/tools/bin/../lib/gcc/arm-none-eabi/12.3.1/../../../../arm-none-eabi/lib/thumb/v6-m/nofp\libc_nano.a(libc_a-impure.o)
                              C:/ST/STM32CubeIDE_1.15.1/STM32CubeIDE/plugins/com.st.stm32cube.ide.mcu.externaltools.gnu-tools-for-stm32.12.3.rel1.win32_1.0.100.202403111256/tools/bin/../lib/gcc/arm-none-eabi/12.3.1/../../../../arm-none-eabi/lib/thumb/v6-m/nofp\libc_nano.a(libc_a-reent.o) (_impure_ptr)
C:/ST/STM32CubeIDE_1.15.1/STM32CubeIDE/plugins/com.st.stm32cube.ide.mcu.externaltools.gnu-tools-for-stm32.12.3.rel1.win32_1.0.100.202403111256/tools/bin/../lib/gcc/arm-none-eabi/12.3.1/../../../../arm-none-eabi/lib/thumb/v6-m/nofp\libc_nano.a(libc_a-lseekr.o)
[...]
Memory Configuration

Name             Origin             Length             Attributes
RAM              0x20000000         0x00002000         xrw
FLASH            0x08000000         0x00010000         xr
*default*        0x00000000         0xffffffff

Linker script and memory map

LOAD C:/ST/STM32CubeIDE_1.15.1/STM32CubeIDE/plugins/com.st.stm32cube.ide.mcu.externaltools.gnu-tools-for-stm32.12.3.rel1.win32_1.0.100.202403111256/tools/bin/../lib/gcc/arm-none-eabi/12.3.1/thumb/v6-m/nofp/crti.o
LOAD C:/ST/STM32CubeIDE_1.15.1/STM32CubeIDE/plugins/com.st.stm32cube.ide.mcu.externaltools.gnu-tools-for-stm32.12.3.rel1.win32_1.0.100.202403111256/tools/bin/../lib/gcc/arm-none-eabi/12.3.1/thumb/v6-m/nofp/crtbegin.o
LOAD C:/ST/STM32CubeIDE_1.15.1/STM32CubeIDE/plugins/com.st.stm32cube.ide.mcu.externaltools.gnu-tools-for-stm32.12.3.rel1.win32_1.0.100.202403111256/tools/bin/../lib/gcc/arm-none-eabi/12.3.1/../../../../arm-none-eabi/lib/thumb/v6-m/nofp/crt0.o
LOAD ./Core/Src/affichagemenu.o
LOAD ./Core/Src/graphics.o
LOAD ./Core/Src/lcd.o
LOAD ./Core/Src/main.o
LOAD ./Core/Src/stm32u0xx_hal_msp.o
LOAD ./Core/Src/stm32u0xx_it.o
LOAD ./Core/Src/syscalls.o
LOAD ./Core/Src/sysmem.o
LOAD ./Core/Src/system_stm32u0xx.o
LOAD ./Core/Startup/startup_stm32u031r8tx.o
LOAD ./Drivers/STM32U0xx_HAL_Driver/Src/stm32u0xx_hal.o
LOAD ./Drivers/STM32U0xx_HAL_Driver/Src/stm32u0xx_hal_cortex.o
LOAD ./Drivers/STM32U0xx_HAL_Driver/Src/stm32u0xx_hal_dma.o
LOAD ./Drivers/STM32U0xx_HAL_Driver/Src/stm32u0xx_hal_dma_ex.o
LOAD ./Drivers/STM32U0xx_HAL_Driver/Src/stm32u0xx_hal_exti.o
LOAD ./Drivers/STM32U0xx_HAL_Driver/Src/stm32u0xx_hal_flash.o
LOAD ./Drivers/STM32U0xx_HAL_Driver/Src/stm32u0xx_hal_flash_ex.o
LOAD ./Drivers/STM32U0xx_HAL_Driver/Src/stm32u0xx_hal_gpio.o
LOAD ./Drivers/STM32U0xx_HAL_Driver/Src/stm32u0xx_hal_pwr.o
LOAD ./Drivers/STM32U0xx_HAL_Driver/Src/stm32u0xx_hal_pwr_ex.o
LOAD ./Drivers/STM32U0xx_HAL_Driver/Src/stm32u0xx_hal_rcc.o
LOAD ./Drivers/STM32U0xx_HAL_Driver/Src/stm32u0xx_hal_rcc_ex.o
LOAD ./Drivers/STM32U0xx_HAL_Driver/Src/stm32u0xx_hal_spi.o
LOAD ./Drivers/STM32U0xx_HAL_Driver/Src/stm32u0xx_hal_spi_ex.o
LOAD ./Drivers/STM32U0xx_HAL_Driver/Src/stm32u0xx_hal_tim.o
LOAD ./Drivers/STM32U0xx_HAL_Driver/Src/stm32u0xx_hal_tim_ex.o
LOAD ./Drivers/STM32U0xx_HAL_Driver/Src/stm32u0xx_hal_uart.o
LOAD ./Drivers/STM32U0xx_HAL_Driver/Src/stm32u0xx_hal_uart_ex.o
START GROUP
LOAD C:/ST/STM32CubeIDE_1.15.1/STM32CubeIDE/plugins/com.st.stm32cube.ide.mcu.externaltools.gnu-tools-for-stm32.12.3.rel1.win32_1.0.100.202403111256/tools/bin/../lib/gcc/arm-none-eabi/12.3.1/../../../../arm-none-eabi/lib/thumb/v6-m/nofp\libc_nano.a
LOAD C:/ST/STM32CubeIDE_1.15.1/STM32CubeIDE/plugins/com.st.stm32cube.ide.mcu.externaltools.gnu-tools-for-stm32.12.3.rel1.win32_1.0.100.202403111256/tools/bin/../lib/gcc/arm-none-eabi/12.3.1/../../../../arm-none-eabi/lib/thumb/v6-m/nofp\libm.a
END GROUP
START GROUP
LOAD C:/ST/STM32CubeIDE_1.15.1/STM32CubeIDE/plugins/com.st.stm32cube.ide.mcu.externaltools.gnu-tools-for-stm32.12.3.rel1.win32_1.0.100.202403111256/tools/bin/../lib/gcc/arm-none-eabi/12.3.1/thumb/v6-m/nofp\libgcc.a
LOAD C:/ST/STM32CubeIDE_1.15.1/STM32CubeIDE/plugins/com.st.stm32cube.ide.mcu.externaltools.gnu-tools-for-stm32.12.3.rel1.win32_1.0.100.202403111256/tools/bin/../lib/gcc/arm-none-eabi/12.3.1/../../../../arm-none-eabi/lib/thumb/v6-m/nofp\libc_nano.a
END GROUP
START GROUP
LOAD C:/ST/STM32CubeIDE_1.15.1/STM32CubeIDE/plugins/com.st.stm32cube.ide.mcu.externaltools.gnu-tools-for-stm32.12.3.rel1.win32_1.0.100.202403111256/tools/bin/../lib/gcc/arm-none-eabi/12.3.1/thumb/v6-m/nofp\libgcc.a
LOAD C:/ST/STM32CubeIDE_1.15.1/STM32CubeIDE/plugins/com.st.stm32cube.ide.mcu.externaltools.gnu-tools-for-stm32.12.3.rel1.win32_1.0.100.202403111256/tools/bin/../lib/gcc/arm-none-eabi/12.3.1/../../../../arm-none-eabi/lib/thumb/v6-m/nofp\libc_nano.a
LOAD C:/ST/STM32CubeIDE_1.15.1/STM32CubeIDE/plugins/com.st.stm32cube.ide.mcu.externaltools.gnu-tools-for-stm32.12.3.rel1.win32_1.0.100.202403111256/tools/bin/../lib/gcc/arm-none-eabi/12.3.1/../../../../arm-none-eabi/lib/thumb/v6-m/nofp\libnosys.a
END GROUP
START GROUP
LOAD C:/ST/STM32CubeIDE_1.15.1/STM32CubeIDE/plugins/com.st.stm32cube.ide.mcu.externaltools.gnu-tools-for-stm32.12.3.rel1.win32_1.0.100.202403111256/tools/bin/../lib/gcc/arm-none-eabi/12.3.1/thumb/v6-m/nofp\libgcc.a
LOAD C:/ST/STM32CubeIDE_1.15.1/STM32CubeIDE/plugins/com.st.stm32cube.ide.mcu.externaltools.gnu-tools-for-stm32.12.3.rel1.win32_1.0.100.202403111256/tools/bin/../lib/gcc/arm-none-eabi/12.3.1/../../../../arm-none-eabi/lib/thumb/v6-m/nofp\libc_nano.a
LOAD C:/ST/STM32CubeIDE_1.15.1/STM32CubeIDE/plugins/com.st.stm32cube.ide.mcu.externaltools.gnu-tools-for-stm32.12.3.rel1.win32_1.0.100.202403111256/tools/bin/../lib/gcc/arm-none-eabi/12.3.1/../../../../arm-none-eabi/lib/thumb/v6-m/nofp\libnosys.a
END GROUP
LOAD C:/ST/STM32CubeIDE_1.15.1/STM32CubeIDE/plugins/com.st.stm32cube.ide.mcu.externaltools.gnu-tools-for-stm32.12.3.rel1.win32_1.0.100.202403111256/tools/bin/../lib/gcc/arm-none-eabi/12.3.1/thumb/v6-m/nofp/crtend.o
LOAD C:/ST/STM32CubeIDE_1.15.1/STM32CubeIDE/plugins/com.st.stm32cube.ide.mcu.externaltools.gnu-tools-for-stm32.12.3.rel1.win32_1.0.100.202403111256/tools/bin/../lib/gcc/arm-none-eabi/12.3.1/thumb/v6-m/nofp/crtn.o
                0x20002000                        _estack = (ORIGIN (RAM) + LENGTH (RAM))
                0x00000200                        _Min_Heap_Size = 0x200
                0x00000400                        _Min_Stack_Size = 0x400

.isr_vector     0x08000000       0xc0
                0x08000000                        . = ALIGN (0x4)
 *(.isr_vector)
 .isr_vector    0x08000000       0xc0 ./Core/Startup/startup_stm32u031r8tx.o
                0x08000000                g_pfnVectors
                0x080000c0                        . = ALIGN (0x4)

.text           0x080000c0     0x6024
                0x080000c0                        . = ALIGN (0x4)
 *(.text)
 .text          0x080000c0       0x48 C:/ST/STM32CubeIDE_1.15.1/STM32CubeIDE/plugins/com.st.stm32cube.ide.mcu.externaltools.gnu-tools-for-stm32.12.3.rel1.win32_1.0.100.202403111256/tools/bin/../lib/gcc/arm-none-eabi/12.3.1/thumb/v6-m/nofp/crtbegin.o
 .text          0x08000108       0x14 C:/ST/STM32CubeIDE_1.15.1/STM32CubeIDE/plugins/com.st.stm32cube.ide.mcu.externaltools.gnu-tools-for-stm32.12.3.rel1.win32_1.0.100.202403111256/tools/bin/../lib/gcc/arm-none-eabi/12.3.1/../../../../arm-none-eabi/lib/thumb/v6-m/nofp\libc_nano.a(libc_a-strcmp.o)
                0x08000108                strcmp
 .text          0x0800011c      0x114 C:/ST/STM32CubeIDE_1.15.1/STM32CubeIDE/plugins/com.st.stm32cube.ide.mcu.externaltools.gnu-tools-for-stm32.12.3.rel1.win32_1.0.100.202403111256/tools/bin/../lib/gcc/arm-none-eabi/12.3.1/thumb/v6-m/nofp\libgcc.a(_udivsi3.o)
                0x0800011c                __aeabi_uidiv
                0x0800011c                __udivsi3
                0x08000228                __aeabi_uidivmod
 .text          0x08000230      0x1d4 C:/ST/STM32CubeIDE_1.15.1/STM32CubeIDE/plugins/com.st.stm32cube.ide.mcu.externaltools.gnu-tools-for-stm32.12.3.rel1.win32_1.0.100.202403111256/tools/bin/../lib/gcc/arm-none-eabi/12.3.1/thumb/v6-m/nofp\libgcc.a(_divsi3.o)
                0x08000230                __divsi3
                0x08000230                __aeabi_idiv
                0x080003fc                __aeabi_idivmod
 .text          0x08000404        0x4 C:/ST/STM32CubeIDE_1.15.1/STM32CubeIDE/plugins/com.st.stm32cube.ide.mcu.externaltools.gnu-tools-for-stm32.12.3.rel1.win32_1.0.100.202403111256/tools/bin/../lib/gcc/arm-none-eabi/12.3.1/thumb/v6-m/nofp\libgcc.a(_dvmd_tls.o)
                0x08000404                __aeabi_idiv0
                0x08000404                __aeabi_ldiv0
 .text          0x08000408       0x40 C:/ST/STM32CubeIDE_1.15.1/STM32CubeIDE/plugins/com.st.stm32cube.ide.mcu.externaltools.gnu-tools-for-stm32.12.3.rel1.win32_1.0.100.202403111256/tools/bin/../lib/gcc/arm-none-eabi/12.3.1/thumb/v6-m/nofp\libgcc.a(_aeabi_uldivmod.o)
                0x08000408                __aeabi_uldivmod
 .text          0x08000448      0x198 C:/ST/STM32CubeIDE_1.15.1/STM32CubeIDE/plugins/com.st.stm32cube.ide.mcu.externaltools.gnu-tools-for-stm32.12.3.rel1.win32_1.0.100.202403111256/tools/bin/../lib/gcc/arm-none-eabi/12.3.1/thumb/v6-m/nofp\libgcc.a(_udivmoddi4.o)
                0x08000448                __udivmoddi4
 .text          0x080005e0       0x18 C:/ST/STM32CubeIDE_1.15.1/STM32CubeIDE/plugins/com.st.stm32cube.ide.mcu.externaltools.gnu-tools-for-stm32.12.3.rel1.win32_1.0.100.202403111256/tools/bin/../lib/gcc/arm-none-eabi/12.3.1/thumb/v6-m/nofp\libgcc.a(_clzdi2.o)
                0x080005e0                __clzdi2
 .text          0x080005f8       0x3c C:/ST/STM32CubeIDE_1.15.1/STM32CubeIDE/plugins/com.st.stm32cube.ide.mcu.externaltools.gnu-tools-for-stm32.12.3.rel1.win32_1.0.100.202403111256/tools/bin/../lib/gcc/arm-none-eabi/12.3.1/thumb/v6-m/nofp\libgcc.a(_clzsi2.o)
                0x080005f8                __clzsi2
 *(.text*)
 .text.setColor
                0x08000634       0x34 ./Core/Src/graphics.o
                0x08000634                setColor
 .text.setBackgroundColor
                0x08000668       0x34 ./Core/Src/graphics.o
                0x08000668                setBackgroundColor
 .text.clearScreen
                0x0800069c       0xb4 ./Core/Src/graphics.o
                0x0800069c                clearScreen
 .text.fillRect
                0x08000750       0xac ./Core/Src/graphics.o
                0x08000750                fillRect
 .text.writeCommand
                0x080007fc       0x54 ./Core/Src/lcd.o
                0x080007fc                writeCommand
 .text.writeData
                0x08000850       0x54 ./Core/Src/lcd.o
                0x08000850                writeData
 .text.initialise_LCD
                0x080008a4       0x3c ./Core/Src/lcd.o
                0x080008a4                initialise_LCD
 .text.getScreenWidth
                0x080008e0       0x24 ./Core/Src/lcd.o
                0x080008e0                getScreenWidth
 .text.getScreenHeight
                0x08000904       0x24 ./Core/Src/lcd.o
                0x08000904                getScreenHeight
 .text.setArea  0x08000928       0x80 ./Core/Src/lcd.o
                0x08000928                setArea
 .text.gammaAdjustmentST7735
                0x080009a8       0x9c ./Core/Src/lcd.o
                0x080009a8                gammaAdjustmentST7735
 .text.initLCD  0x08000a44       0x44 ./Core/Src/lcd.o
                0x08000a44                initLCD
 .text.setOrientation
                0x08000a88       0x6c ./Core/Src/lcd.o
                0x08000a88                setOrientation
 .text.main     0x08000af4      0x108 ./Core/Src/main.o
                0x08000af4                main
 .text.SystemClock_Config
                0x08000bfc       0x8a ./Core/Src/main.o
                0x08000bfc                SystemClock_Config
 *fill*         0x08000c86        0x2 
 .text.MX_SPI1_Init
                0x08000c88       0x7c ./Core/Src/main.o
 .text.MX_USART2_UART_Init
                0x08000d04       0x9c ./Core/Src/main.o
 .text.MX_GPIO_Init
                0x08000da0       0xe4 ./Core/Src/main.o
 .text.HAL_UART_RxCpltCallback
                0x08000e84      0x1c8 ./Core/Src/main.o
                0x08000e84                HAL_UART_RxCpltCallback
 .text.Error_Handler
                0x0800104c        0xc ./Core/Src/main.o
                0x0800104c                Error_Handler
 .text.HAL_MspInit
                0x08001058       0x48 ./Core/Src/stm32u0xx_hal_msp.o
                0x08001058                HAL_MspInit
 .text.HAL_SPI_MspInit
                0x080010a0       0x98 ./Core/Src/stm32u0xx_hal_msp.o
                0x080010a0                HAL_SPI_MspInit
 .text.HAL_UART_MspInit
                0x08001138       0xd0 ./Core/Src/stm32u0xx_hal_msp.o
                0x08001138                HAL_UART_MspInit
 .text.NMI_Handler
                0x08001208        0x8 ./Core/Src/stm32u0xx_it.o
                0x08001208                NMI_Handler
 .text.HardFault_Handler
                0x08001210        0x8 ./Core/Src/stm32u0xx_it.o
                0x08001210                HardFault_Handler
 .text.SVC_Handler
                0x08001218        0xa ./Core/Src/stm32u0xx_it.o
                0x08001218                SVC_Handler
 .text.PendSV_Handler
                0x08001222        0xa ./Core/Src/stm32u0xx_it.o
                0x08001222                PendSV_Handler
 .text.SysTick_Handler
                0x0800122c        0xe ./Core/Src/stm32u0xx_it.o
                0x0800122c                SysTick_Handler
 *fill*         0x0800123a        0x2 
 .text.USART2_LPUART2_IRQHandler
                0x0800123c       0x18 ./Core/Src/stm32u0xx_it.o
                0x0800123c                USART2_LPUART2_IRQHandler
 .text.SystemInit
                0x08001254       0x54 ./Core/Src/system_stm32u0xx.o
                0x08001254                SystemInit
 .text.Reset_Handler
                0x080012a8       0x50 ./Core/Startup/startup_stm32u031r8tx.o
                0x080012a8                Reset_Handler
 .text.Default_Handler
                0x080012f8        0x2 ./Core/Startup/startup_stm32u031r8tx.o
                0x080012f8                I2C2_3_IRQHandler
                0x080012f8                WWDG_IWDG_IRQHandler
                0x080012f8                TIM1_CC_IRQHandler
                0x080012f8                TSC_IRQHandler
                0x080012f8                ADC_COMP1_IRQHandler
                0x080012f8                I2C1_IRQHandler
                0x080012f8                TIM7_LPTIM2_IRQHandler
                0x080012f8                RCC_CRS_IRQHandler
                0x080012f8                RTC_TAMP_IRQHandler
                0x080012f8                DMA1_Ch4_7_DMAMUX_OVR_IRQHandler
                0x080012f8                SPI1_IRQHandler
                0x080012f8                EXTI2_3_IRQHandler
                0x080012f8                USART4_IRQHandler
                0x080012f8                TIM16_IRQHandler
                0x080012f8                TIM3_IRQHandler
                0x080012f8                EXTI4_15_IRQHandler
                0x080012f8                DMA1_Channel1_IRQHandler
                0x080012f8                Default_Handler
                0x080012f8                TIM15_IRQHandler
                0x080012f8                EXTI0_1_IRQHandler
                0x080012f8                PVD_PVM_IRQHandler
                0x080012f8                SPI2_IRQHandler
                0x080012f8                RNG_IRQHandler
                0x080012f8                TIM6_DAC_LPTIM1_IRQHandler
                0x080012f8                TIM2_IRQHandler
                0x080012f8                DMA1_Channel2_3_IRQHandler
                0x080012f8                FLASH_ECC_IRQHandler
                0x080012f8                USART3_LPUART1_IRQHandler
                0x080012f8                USART1_IRQHandler
                0x080012f8                TIM1_BRK_UP_TRG_COM_IRQHandler
 .text.HAL_Init
                0x080012fa       0x2e ./Drivers/STM32U0xx_HAL_Driver/Src/stm32u0xx_hal.o
                0x080012fa                HAL_Init
 .text.HAL_InitTick
                0x08001328       0x94 ./Drivers/STM32U0xx_HAL_Driver/Src/stm32u0xx_hal.o
                0x08001328                HAL_InitTick
 .text.HAL_IncTick
                0x080013bc       0x20 ./Drivers/STM32U0xx_HAL_Driver/Src/stm32u0xx_hal.o
                0x080013bc                HAL_IncTick
 .text.HAL_GetTick
                0x080013dc       0x14 ./Drivers/STM32U0xx_HAL_Driver/Src/stm32u0xx_hal.o
                0x080013dc                HAL_GetTick
 .text.HAL_Delay
                0x080013f0       0x44 ./Drivers/STM32U0xx_HAL_Driver/Src/stm32u0xx_hal.o
                0x080013f0                HAL_Delay
 .text.__NVIC_EnableIRQ
                0x08001434       0x34 ./Drivers/STM32U0xx_HAL_Driver/Src/stm32u0xx_hal_cortex.o
 .text.__NVIC_SetPriority
                0x08001468       0xdc ./Drivers/STM32U0xx_HAL_Driver/Src/stm32u0xx_hal_cortex.o
 .text.SysTick_Config
                0x08001544       0x48 ./Drivers/STM32U0xx_HAL_Driver/Src/stm32u0xx_hal_cortex.o
 .text.HAL_NVIC_SetPriority
                0x0800158c       0x2a ./Drivers/STM32U0xx_HAL_Driver/Src/stm32u0xx_hal_cortex.o
                0x0800158c                HAL_NVIC_SetPriority
 .text.HAL_NVIC_EnableIRQ
                0x080015b6       0x20 ./Drivers/STM32U0xx_HAL_Driver/Src/stm32u0xx_hal_cortex.o
                0x080015b6                HAL_NVIC_EnableIRQ
 .text.HAL_SYSTICK_Config
                0x080015d6       0x1a ./Drivers/STM32U0xx_HAL_Driver/Src/stm32u0xx_hal_cortex.o
                0x080015d6                HAL_SYSTICK_Config
 .text.HAL_DMA_Abort
                0x080015f0       0xc0 ./Drivers/STM32U0xx_HAL_Driver/Src/stm32u0xx_hal_dma.o
                0x080015f0                HAL_DMA_Abort
 .text.HAL_DMA_Abort_IT
                0x080016b0       0xd0 ./Drivers/STM32U0xx_HAL_Driver/Src/stm32u0xx_hal_dma.o
                0x080016b0                HAL_DMA_Abort_IT
 .text.HAL_GPIO_Init
                0x08001780      0x2e8 ./Drivers/STM32U0xx_HAL_Driver/Src/stm32u0xx_hal_gpio.o
                0x08001780                HAL_GPIO_Init
 .text.HAL_GPIO_WritePin
                0x08001a68       0x3a ./Drivers/STM32U0xx_HAL_Driver/Src/stm32u0xx_hal_gpio.o
                0x08001a68                HAL_GPIO_WritePin
 *fill*         0x08001aa2        0x2 
 .text.HAL_PWREx_ControlVoltageScaling
                0x08001aa4       0xc0 ./Drivers/STM32U0xx_HAL_Driver/Src/stm32u0xx_hal_pwr_ex.o
                0x08001aa4                HAL_PWREx_ControlVoltageScaling
 .text.HAL_PWREx_GetVoltageRange
                0x08001b64       0x18 ./Drivers/STM32U0xx_HAL_Driver/Src/stm32u0xx_hal_pwr_ex.o
                0x08001b64                HAL_PWREx_GetVoltageRange
 .text.HAL_RCC_OscConfig
                0x08001b7c      0x854 ./Drivers/STM32U0xx_HAL_Driver/Src/stm32u0xx_hal_rcc.o
                0x08001b7c                HAL_RCC_OscConfig
 .text.HAL_RCC_ClockConfig
                0x080023d0      0x1d8 ./Drivers/STM32U0xx_HAL_Driver/Src/stm32u0xx_hal_rcc.o
                0x080023d0                HAL_RCC_ClockConfig
 .text.HAL_RCC_GetSysClockFreq
                0x080025a8      0x138 ./Drivers/STM32U0xx_HAL_Driver/Src/stm32u0xx_hal_rcc.o
                0x080025a8                HAL_RCC_GetSysClockFreq
 .text.HAL_RCC_GetHCLKFreq
                0x080026e0       0x14 ./Drivers/STM32U0xx_HAL_Driver/Src/stm32u0xx_hal_rcc.o
                0x080026e0                HAL_RCC_GetHCLKFreq
 .text.HAL_RCC_GetPCLK1Freq
                0x080026f4       0x30 ./Drivers/STM32U0xx_HAL_Driver/Src/stm32u0xx_hal_rcc.o
                0x080026f4                HAL_RCC_GetPCLK1Freq
 .text.RCC_SetFlashLatencyFromMSIRange
                0x08002724       0xd8 ./Drivers/STM32U0xx_HAL_Driver/Src/stm32u0xx_hal_rcc.o
 .text.HAL_RCCEx_PeriphCLKConfig
                0x080027fc      0x44c ./Drivers/STM32U0xx_HAL_Driver/Src/stm32u0xx_hal_rcc_ex.o
                0x080027fc                HAL_RCCEx_PeriphCLKConfig
 .text.HAL_RCCEx_GetPeriphCLKFreq
                0x08002c48      0xa98 ./Drivers/STM32U0xx_HAL_Driver/Src/stm32u0xx_hal_rcc_ex.o
                0x08002c48                HAL_RCCEx_GetPeriphCLKFreq
 .text.HAL_RCCEx_GetPLLClockFreq
                0x080036e0      0x17c ./Drivers/STM32U0xx_HAL_Driver/Src/stm32u0xx_hal_rcc_ex.o
                0x080036e0                HAL_RCCEx_GetPLLClockFreq
 .text.HAL_SPI_Init
                0x0800385c      0x15c ./Drivers/STM32U0xx_HAL_Driver/Src/stm32u0xx_hal_spi.o
                0x0800385c                HAL_SPI_Init
 .text.HAL_SPI_Transmit
                0x080039b8      0x2be ./Drivers/STM32U0xx_HAL_Driver/Src/stm32u0xx_hal_spi.o
                0x080039b8                HAL_SPI_Transmit
 *fill*         0x08003c76        0x2 
 .text.SPI_WaitFlagStateUntilTimeout
                0x08003c78      0x11c ./Drivers/STM32U0xx_HAL_Driver/Src/stm32u0xx_hal_spi.o
 .text.SPI_WaitFifoStateUntilTimeout
                0x08003d94      0x144 ./Drivers/STM32U0xx_HAL_Driver/Src/stm32u0xx_hal_spi.o
 .text.SPI_EndRxTxTransaction
                0x08003ed8       0x8c ./Drivers/STM32U0xx_HAL_Driver/Src/stm32u0xx_hal_spi.o
 .text.HAL_UART_Init
                0x08003f64       0xac ./Drivers/STM32U0xx_HAL_Driver/Src/stm32u0xx_hal_uart.o
                0x08003f64                HAL_UART_Init
 .text.HAL_UART_Transmit
                0x08004010      0x148 ./Drivers/STM32U0xx_HAL_Driver/Src/stm32u0xx_hal_uart.o
                0x08004010                HAL_UART_Transmit
 .text.HAL_UART_Receive_IT
                0x08004158       0xd8 ./Drivers/STM32U0xx_HAL_Driver/Src/stm32u0xx_hal_uart.o
                0x08004158                HAL_UART_Receive_IT
 .text.HAL_UART_IRQHandler
                0x08004230      0x64c ./Drivers/STM32U0xx_HAL_Driver/Src/stm32u0xx_hal_uart.o
                0x08004230                HAL_UART_IRQHandler
 .text.HAL_UART_TxCpltCallback
                0x0800487c       0x10 ./Drivers/STM32U0xx_HAL_Driver/Src/stm32u0xx_hal_uart.o
                0x0800487c                HAL_UART_TxCpltCallback
 .text.HAL_UART_ErrorCallback
                0x0800488c       0x10 ./Drivers/STM32U0xx_HAL_Driver/Src/stm32u0xx_hal_uart.o
                0x0800488c                HAL_UART_ErrorCallback
 .text.HAL_UARTEx_RxEventCallback
                0x0800489c       0x16 ./Drivers/STM32U0xx_HAL_Driver/Src/stm32u0xx_hal_uart.o
                0x0800489c                HAL_UARTEx_RxEventCallback
 *fill*         0x080048b2        0x2 
 .text.UART_SetConfig
                0x080048b4      0x394 ./Drivers/STM32U0xx_HAL_Driver/Src/stm32u0xx_hal_uart.o
                0x080048b4                UART_SetConfig
 .text.UART_AdvFeatureConfig
                0x08004c48      0x168 ./Drivers/STM32U0xx_HAL_Driver/Src/stm32u0xx_hal_uart.o
                0x08004c48                UART_AdvFeatureConfig
 .text.UART_CheckIdleState
                0x08004db0      0x154 ./Drivers/STM32U0xx_HAL_Driver/Src/stm32u0xx_hal_uart.o
                0x08004db0                UART_CheckIdleState
 .text.UART_WaitOnFlagUntilTimeout
                0x08004f04       0xde ./Drivers/STM32U0xx_HAL_Driver/Src/stm32u0xx_hal_uart.o
                0x08004f04                UART_WaitOnFlagUntilTimeout
 *fill*         0x08004fe2        0x2 
 .text.UART_Start_Receive_IT
                0x08004fe4      0x248 ./Drivers/STM32U0xx_HAL_Driver/Src/stm32u0xx_hal_uart.o
                0x08004fe4                UART_Start_Receive_IT
 .text.UART_EndRxTransfer
                0x0800522c       0xcc ./Drivers/STM32U0xx_HAL_Driver/Src/stm32u0xx_hal_uart.o
 .text.UART_DMAAbortOnError
                0x080052f8       0x2e ./Drivers/STM32U0xx_HAL_Driver/Src/stm32u0xx_hal_uart.o
 .text.UART_EndTransmit_IT
                0x08005326       0x58 ./Drivers/STM32U0xx_HAL_Driver/Src/stm32u0xx_hal_uart.o
 *fill*         0x0800537e        0x2 
 .text.UART_RxISR_8BIT
                0x08005380      0x1e0 ./Drivers/STM32U0xx_HAL_Driver/Src/stm32u0xx_hal_uart.o
 .text.UART_RxISR_16BIT
                0x08005560      0x1e0 ./Drivers/STM32U0xx_HAL_Driver/Src/stm32u0xx_hal_uart.o
 .text.UART_RxISR_8BIT_FIFOEN
                0x08005740      0x35c ./Drivers/STM32U0xx_HAL_Driver/Src/stm32u0xx_hal_uart.o
 .text.UART_RxISR_16BIT_FIFOEN
                0x08005a9c      0x374 ./Drivers/STM32U0xx_HAL_Driver/Src/stm32u0xx_hal_uart.o
 .text.HAL_UARTEx_WakeupCallback
                0x08005e10       0x10 ./Drivers/STM32U0xx_HAL_Driver/Src/stm32u0xx_hal_uart_ex.o
                0x08005e10                HAL_UARTEx_WakeupCallback
 .text.HAL_UARTEx_RxFifoFullCallback
                0x08005e20       0x10 ./Drivers/STM32U0xx_HAL_Driver/Src/stm32u0xx_hal_uart_ex.o
                0x08005e20                HAL_UARTEx_RxFifoFullCallback
 .text.HAL_UARTEx_TxFifoEmptyCallback
                0x08005e30       0x10 ./Drivers/STM32U0xx_HAL_Driver/Src/stm32u0xx_hal_uart_ex.o
                0x08005e30                HAL_UARTEx_TxFifoEmptyCallback
 .text.HAL_UARTEx_DisableFifoMode
                0x08005e40       0x74 ./Drivers/STM32U0xx_HAL_Driver/Src/stm32u0xx_hal_uart_ex.o
                0x08005e40                HAL_UARTEx_DisableFifoMode
 .text.HAL_UARTEx_SetTxFifoThreshold
                0x08005eb4       0x7e ./Drivers/STM32U0xx_HAL_Driver/Src/stm32u0xx_hal_uart_ex.o
                0x08005eb4                HAL_UARTEx_SetTxFifoThreshold
 *fill*         0x08005f32        0x2 
 .text.HAL_UARTEx_SetRxFifoThreshold
                0x08005f34       0x84 ./Drivers/STM32U0xx_HAL_Driver/Src/stm32u0xx_hal_uart_ex.o
                0x08005f34                HAL_UARTEx_SetRxFifoThreshold
 .text.UARTEx_SetNbDataToProcess
                0x08005fb8       0xbc ./Drivers/STM32U0xx_HAL_Driver/Src/stm32u0xx_hal_uart_ex.o
 .text.memset   0x08006074       0x10 C:/ST/STM32CubeIDE_1.15.1/STM32CubeIDE/plugins/com.st.stm32cube.ide.mcu.externaltools.gnu-tools-for-stm32.12.3.rel1.win32_1.0.100.202403111256/tools/bin/../lib/gcc/arm-none-eabi/12.3.1/../../../../arm-none-eabi/lib/thumb/v6-m/nofp\libc_nano.a(libc_a-memset.o)
                0x08006074                memset
 .text.__libc_init_array
                0x08006084       0x48 C:/ST/STM32CubeIDE_1.15.1/STM32CubeIDE/plugins/com.st.stm32cube.ide.mcu.externaltools.gnu-tools-for-stm32.12.3.rel1.win32_1.0.100.202403111256/tools/bin/../lib/gcc/arm-none-eabi/12.3.1/../../../../arm-none-eabi/lib/thumb/v6-m/nofp\libc_nano.a(libc_a-init.o)
                0x08006084                __libc_init_array
 *(.glue_7)
 .glue_7        0x080060cc        0x0 linker stubs
 *(.glue_7t)
 .glue_7t       0x080060cc        0x0 linker stubs
 *(.eh_frame)
 .eh_frame      0x080060cc        0x0 C:/ST/STM32CubeIDE_1.15.1/STM32CubeIDE/plugins/com.st.stm32cube.ide.mcu.externaltools.gnu-tools-for-stm32.12.3.rel1.win32_1.0.100.202403111256/tools/bin/../lib/gcc/arm-none-eabi/12.3.1/thumb/v6-m/nofp/crtbegin.o
 *(.init)
 .init          0x080060cc        0x4 C:/ST/STM32CubeIDE_1.15.1/STM32CubeIDE/plugins/com.st.stm32cube.ide.mcu.externaltools.gnu-tools-for-stm32.12.3.rel1.win32_1.0.100.202403111256/tools/bin/../lib/gcc/arm-none-eabi/12.3.1/thumb/v6-m/nofp/crti.o
                0x080060cc                _init
 .init          0x080060d0        0x8 C:/ST/STM32CubeIDE_1.15.1/STM32CubeIDE/plugins/com.st.stm32cube.ide.mcu.externaltools.gnu-tools-for-stm32.12.3.rel1.win32_1.0.100.202403111256/tools/bin/../lib/gcc/arm-none-eabi/12.3.1/thumb/v6-m/nofp/crtn.o
 *(.fini)
 .fini          0x080060d8        0x4 C:/ST/STM32CubeIDE_1.15.1/STM32CubeIDE/plugins/com.st.stm32cube.ide.mcu.externaltools.gnu-tools-for-stm32.12.3.rel1.win32_1.0.100.202403111256/tools/bin/../lib/gcc/arm-none-eabi/12.3.1/thumb/v6-m/nofp/crti.o
                0x080060d8                _fini
 .fini          0x080060dc        0x8 C:/ST/STM32CubeIDE_1.15.1/STM32CubeIDE/plugins/com.st.stm32cube.ide.mcu.externaltools.gnu-tools-for-stm32.12.3.rel1.win32_1.0.100.202403111256/tools/bin/../lib/gcc/arm-none-eabi/12.3.1/thumb/v6-m/nofp/crtn.o
                0x080060e4                        . = ALIGN (0x4)
                0x080060e4                        _etext = .

.vfp11_veneer   0x080060e4        0x0
 .vfp11_veneer  0x080060e4        0x0 linker stubs

.v4_bx          0x080060e4        0x0
 .v4_bx         0x080060e4        0x0 linker stubs

.iplt           0x080060e4        0x0
 .iplt          0x080060e4        0x0 C:/ST/STM32CubeIDE_1.15.1/STM32CubeIDE/plugins/com.st.stm32cube.ide.mcu.externaltools.gnu-tools-for-stm32.12.3.rel1.win32_1.0.100.202403111256/tools/bin/../lib/gcc/arm-none-eabi/12.3.1/thumb/v6-m/nofp/crtbegin.o

.rodata         0x080060e4      0x23c
                0x080060e4                        . = ALIGN (0x4)
 *(.rodata)
 .rodata        0x080060e4       0x20 ./Core/Src/lcd.o
 .rodata        0x08006104      0x126 ./Core/Src/main.o
 *(.rodata*)
 *fill*         0x0800622a        0x2 
 .rodata.AHBPrescTable
                0x0800622c       0x10 ./Core/Src/system_stm32u0xx.o
                0x0800622c                AHBPrescTable
 .rodata.APBPrescTable
                0x0800623c        0x8 ./Core/Src/system_stm32u0xx.o
                0x0800623c                APBPrescTable
 .rodata.MSIRangeTable
                0x08006244       0x30 ./Core/Src/system_stm32u0xx.o
                0x08006244                MSIRangeTable
 .rodata.HAL_RCCEx_GetPeriphCLKFreq
                0x08006274       0x84 ./Drivers/STM32U0xx_HAL_Driver/Src/stm32u0xx_hal_rcc_ex.o
 .rodata.UARTPrescTable
                0x080062f8       0x18 ./Drivers/STM32U0xx_HAL_Driver/Src/stm32u0xx_hal_uart.o
                0x080062f8                UARTPrescTable
 .rodata.numerator.1
                0x08006310        0x8 ./Drivers/STM32U0xx_HAL_Driver/Src/stm32u0xx_hal_uart_ex.o
 .rodata.denominator.0
                0x08006318        0x8 ./Drivers/STM32U0xx_HAL_Driver/Src/stm32u0xx_hal_uart_ex.o
                0x08006320                        . = ALIGN (0x4)

.ARM.extab      0x08006320        0x0
                0x08006320                        . = ALIGN (0x4)
 *(.ARM.extab* .gnu.linkonce.armextab.*)
                0x08006320                        . = ALIGN (0x4)

.ARM            0x08006320        0x8
                0x08006320                        . = ALIGN (0x4)
                0x08006320                        __exidx_start = .
 *(.ARM.exidx*)
 .ARM.exidx     0x08006320        0x8 C:/ST/STM32CubeIDE_1.15.1/STM32CubeIDE/plugins/com.st.stm32cube.ide.mcu.externaltools.gnu-tools-for-stm32.12.3.rel1.win32_1.0.100.202403111256/tools/bin/../lib/gcc/arm-none-eabi/12.3.1/thumb/v6-m/nofp\libgcc.a(_udivmoddi4.o)
                0x08006328                        __exidx_end = .
                0x08006328                        . = ALIGN (0x4)

.preinit_array  0x08006328        0x0
                0x08006328                        . = ALIGN (0x4)
                0x08006328                        PROVIDE (__preinit_array_start = .)
 *(.preinit_array*)
                0x08006328                        PROVIDE (__preinit_array_end = .)
                0x08006328                        . = ALIGN (0x4)

.init_array     0x08006328        0x4
                0x08006328                        . = ALIGN (0x4)
                0x08006328                        PROVIDE (__init_array_start = .)
 *(SORT_BY_NAME(.init_array.*))
 *(.init_array*)
 .init_array    0x08006328        0x4 C:/ST/STM32CubeIDE_1.15.1/STM32CubeIDE/plugins/com.st.stm32cube.ide.mcu.externaltools.gnu-tools-for-stm32.12.3.rel1.win32_1.0.100.202403111256/tools/bin/../lib/gcc/arm-none-eabi/12.3.1/thumb/v6-m/nofp/crtbegin.o
                0x0800632c                        PROVIDE (__init_array_end = .)
                0x0800632c                        . = ALIGN (0x4)

.fini_array     0x0800632c        0x4
                0x0800632c                        . = ALIGN (0x4)
                [!provide]                        PROVIDE (__fini_array_start = .)
 *(SORT_BY_NAME(.fini_array.*))
 *(.fini_array*)
 .fini_array    0x0800632c        0x4 C:/ST/STM32CubeIDE_1.15.1/STM32CubeIDE/plugins/com.st.stm32cube.ide.mcu.externaltools.gnu-tools-for-stm32.12.3.rel1.win32_1.0.100.202403111256/tools/bin/../lib/gcc/arm-none-eabi/12.3.1/thumb/v6-m/nofp/crtbegin.o
                [!provide]                        PROVIDE (__fini_array_end = .)
                0x08006330                        . = ALIGN (0x4)
                0x08006330                        _sidata = LOADADDR (.data)

.rel.dyn        0x08006330        0x0
 .rel.iplt      0x08006330        0x0 C:/ST/STM32CubeIDE_1.15.1/STM32CubeIDE/plugins/com.st.stm32cube.ide.mcu.externaltools.gnu-tools-for-stm32.12.3.rel1.win32_1.0.100.202403111256/tools/bin/../lib/gcc/arm-none-eabi/12.3.1/thumb/v6-m/nofp/crtbegin.o

.data           0x20000000        0xc load address 0x08006330
                0x20000000                        . = ALIGN (0x4)
                0x20000000                        _sdata = .
 *(.data)
 *(.data*)
 .data.SystemCoreClock
                0x20000000        0x4 ./Core/Src/system_stm32u0xx.o
                0x20000000                SystemCoreClock
 .data.uwTickPrio
                0x20000004        0x4 ./Drivers/STM32U0xx_HAL_Driver/Src/stm32u0xx_hal.o
                0x20000004                uwTickPrio
 .data.uwTickFreq
                0x20000008        0x4 ./Drivers/STM32U0xx_HAL_Driver/Src/stm32u0xx_hal.o
                0x20000008                uwTickFreq
 *(.RamFunc)
 *(.RamFunc*)
                0x2000000c                        . = ALIGN (0x4)
                0x2000000c                        _edata = .

.igot.plt       0x2000000c        0x0 load address 0x0800633c
 .igot.plt      0x2000000c        0x0 C:/ST/STM32CubeIDE_1.15.1/STM32CubeIDE/plugins/com.st.stm32cube.ide.mcu.externaltools.gnu-tools-for-stm32.12.3.rel1.win32_1.0.100.202403111256/tools/bin/../lib/gcc/arm-none-eabi/12.3.1/thumb/v6-m/nofp/crtbegin.o
                0x2000000c                        . = ALIGN (0x4)

.bss            0x2000000c      0x140 load address 0x0800633c
                0x2000000c                        _sbss = .
                0x2000000c                        __bss_start__ = _sbss
 *(.bss)
 .bss           0x2000000c       0x1c C:/ST/STM32CubeIDE_1.15.1/STM32CubeIDE/plugins/com.st.stm32cube.ide.mcu.externaltools.gnu-tools-for-stm32.12.3.rel1.win32_1.0.100.202403111256/tools/bin/../lib/gcc/arm-none-eabi/12.3.1/thumb/v6-m/nofp/crtbegin.o
 *(.bss*)
 .bss.colorLowByte
                0x20000028        0x1 ./Core/Src/graphics.o
                0x20000028                colorLowByte
 .bss.colorHighByte
                0x20000029        0x1 ./Core/Src/graphics.o
                0x20000029                colorHighByte
 .bss.bgColorLowByte
                0x2000002a        0x1 ./Core/Src/graphics.o
                0x2000002a                bgColorLowByte
 .bss.bgColorHighByte
                0x2000002b        0x1 ./Core/Src/graphics.o
                0x2000002b                bgColorHighByte
 .bss._orientation
                0x2000002c        0x1 ./Core/Src/lcd.o
                0x2000002c                _orientation
 *fill*         0x2000002d        0x3 
 .bss.hspi1     0x20000030       0x64 ./Core/Src/main.o
                0x20000030                hspi1
 .bss.huart2    0x20000094       0x94 ./Core/Src/main.o
                0x20000094                huart2
 .bss.rx_byte   0x20000128        0x1 ./Core/Src/main.o
                0x20000128                rx_byte
 *fill*         0x20000129        0x3 
 .bss.rx_buffer
                0x2000012c       0x14 ./Core/Src/main.o
                0x2000012c                rx_buffer
 .bss.rx_index  0x20000140        0x1 ./Core/Src/main.o
                0x20000140                rx_index
 *fill*         0x20000141        0x3 
 .bss.temps_dernier_ordre
                0x20000144        0x4 ./Core/Src/main.o
                0x20000144                temps_dernier_ordre
 .bss.uwTick    0x20000148        0x4 ./Drivers/STM32U0xx_HAL_Driver/Src/stm32u0xx_hal.o
                0x20000148                uwTick
 *(COMMON)
                0x2000014c                        . = ALIGN (0x4)
                0x2000014c                        _ebss = .
                0x2000014c                        __bss_end__ = _ebss

._user_heap_stack
                0x2000014c      0x604 load address 0x0800633c
                0x20000150                        . = ALIGN (0x8)
 *fill*         0x2000014c        0x4 
                [!provide]                        PROVIDE (end = .)
                0x20000150                        PROVIDE (_end = .)
                0x20000350                        . = (. + _Min_Heap_Size)
 *fill*         0x20000150      0x200 
                0x20000750                        . = (. + _Min_Stack_Size)
 *fill*         0x20000350      0x400 
                0x20000750                        . = ALIGN (0x8)

/DISCARD/
 libc.a(*)
 libm.a(*)
 libgcc.a(*)

.ARM.attributes
                0x00000000       0x28
 *(.ARM.attributes)
 .ARM.attributes
                0x00000000       0x1e C:/ST/STM32CubeIDE_1.15.1/STM32CubeIDE/plugins/com.st.stm32cube.ide.mcu.externaltools.gnu-tools-for-stm32.12.3.rel1.win32_1.0.100.202403111256/tools/bin/../lib/gcc/arm-none-eabi/12.3.1/thumb/v6-m/nofp/crti.o
 .ARM.attributes
                0x0000001e       0x2c C:/ST/STM32CubeIDE_1.15.1/STM32CubeIDE/plugins/com.st.stm32cube.ide.mcu.externaltools.gnu-tools-for-stm32.12.3.rel1.win32_1.0.100.202403111256/tools/bin/../lib/gcc/arm-none-eabi/12.3.1/thumb/v6-m/nofp/crtbegin.o
 .ARM.attributes
                0x0000004a       0x2c ./Core/Src/graphics.o
 .ARM.attributes
                0x00000076       0x2c ./Core/Src/lcd.o
 .ARM.attributes
                0x000000a2       0x2c ./Core/Src/main.o
 .ARM.attributes
                0x000000ce       0x2c ./Core/Src/stm32u0xx_hal_msp.o
 .ARM.attributes
                0x000000fa       0x2c ./Core/Src/stm32u0xx_it.o
 .ARM.attributes
                0x00000126       0x2c ./Core/Src/system_stm32u0xx.o
 .ARM.attributes
                0x00000152       0x22 ./Core/Startup/startup_stm32u031r8tx.o
 .ARM.attributes
                0x00000174       0x2c ./Drivers/STM32U0xx_HAL_Driver/Src/stm32u0xx_hal.o
 .ARM.attributes
                0x000001a0       0x2c ./Drivers/STM32U0xx_HAL_Driver/Src/stm32u0xx_hal_cortex.o
 .ARM.attributes
                0x000001cc       0x2c ./Drivers/STM32U0xx_HAL_Driver/Src/stm32u0xx_hal_dma.o
 .ARM.attributes
                0x000001f8       0x2c ./Drivers/STM32U0xx_HAL_Driver/Src/stm32u0xx_hal_gpio.o
 .ARM.attributes
                0x00000224       0x2c ./Drivers/STM32U0xx_HAL_Driver/Src/stm32u0xx_hal_pwr_ex.o
 .ARM.attributes
                0x00000250       0x2c ./Drivers/STM32U0xx_HAL_Driver/Src/stm32u0xx_hal_rcc.o
 .ARM.attributes
                0x0000027c       0x2c ./Drivers/STM32U0xx_HAL_Driver/Src/stm32u0xx_hal_rcc_ex.o
 .ARM.attributes
                0x000002a8       0x2c ./Drivers/STM32U0xx_HAL_Driver/Src/stm32u0xx_hal_spi.o
 .ARM.attributes
                0x000002d4       0x2c ./Drivers/STM32U0xx_HAL_Driver/Src/stm32u0xx_hal_uart.o
 .ARM.attributes
                0x00000300       0x2c ./Drivers/STM32U0xx_HAL_Driver/Src/stm32u0xx_hal_uart_ex.o
 .ARM.attributes
                0x0000032c       0x2c C:/ST/STM32CubeIDE_1.15.1/STM32CubeIDE/plugins/com.st.stm32cube.ide.mcu.externaltools.gnu-tools-for-stm32.12.3.rel1.win32_1.0.100.202403111256/tools/bin/../lib/gcc/arm-none-eabi/12.3.1/../../../../arm-none-eabi/lib/thumb/v6-m/nofp\libc_nano.a(libc_a-memset.o)
 .ARM.attributes
                0x00000358       0x2c C:/ST/STM32CubeIDE_1.15.1/STM32CubeIDE/plugins/com.st.stm32cube.ide.mcu.externaltools.gnu-tools-for-stm32.12.3.rel1.win32_1.0.100.202403111256/tools/bin/../lib/gcc/arm-none-eabi/12.3.1/../../../../arm-none-eabi/lib/thumb/v6-m/nofp\libc_nano.a(libc_a-init.o)
 .ARM.attributes
                0x00000384       0x1c C:/ST/STM32CubeIDE_1.15.1/STM32CubeIDE/plugins/com.st.stm32cube.ide.mcu.externaltools.gnu-tools-for-stm32.12.3.rel1.win32_1.0.100.202403111256/tools/bin/../lib/gcc/arm-none-eabi/12.3.1/../../../../arm-none-eabi/lib/thumb/v6-m/nofp\libc_nano.a(libc_a-strcmp.o)
 .ARM.attributes
                0x000003a0       0x1e C:/ST/STM32CubeIDE_1.15.1/STM32CubeIDE/plugins/com.st.stm32cube.ide.mcu.externaltools.gnu-tools-for-stm32.12.3.rel1.win32_1.0.100.202403111256/tools/bin/../lib/gcc/arm-none-eabi/12.3.1/thumb/v6-m/nofp\libgcc.a(_udivsi3.o)
 .ARM.attributes
                0x000003be       0x1e C:/ST/STM32CubeIDE_1.15.1/STM32CubeIDE/plugins/com.st.stm32cube.ide.mcu.externaltools.gnu-tools-for-stm32.12.3.rel1.win32_1.0.100.202403111256/tools/bin/../lib/gcc/arm-none-eabi/12.3.1/thumb/v6-m/nofp\libgcc.a(_divsi3.o)
 .ARM.attributes
                0x000003dc       0x1e C:/ST/STM32CubeIDE_1.15.1/STM32CubeIDE/plugins/com.st.stm32cube.ide.mcu.externaltools.gnu-tools-for-stm32.12.3.rel1.win32_1.0.100.202403111256/tools/bin/../lib/gcc/arm-none-eabi/12.3.1/thumb/v6-m/nofp\libgcc.a(_dvmd_tls.o)
 .ARM.attributes
                0x000003fa       0x1e C:/ST/STM32CubeIDE_1.15.1/STM32CubeIDE/plugins/com.st.stm32cube.ide.mcu.externaltools.gnu-tools-for-stm32.12.3.rel1.win32_1.0.100.202403111256/tools/bin/../lib/gcc/arm-none-eabi/12.3.1/thumb/v6-m/nofp\libgcc.a(_aeabi_uldivmod.o)
 .ARM.attributes
                0x00000418       0x2c C:/ST/STM32CubeIDE_1.15.1/STM32CubeIDE/plugins/com.st.stm32cube.ide.mcu.externaltools.gnu-tools-for-stm32.12.3.rel1.win32_1.0.100.202403111256/tools/bin/../lib/gcc/arm-none-eabi/12.3.1/thumb/v6-m/nofp\libgcc.a(_udivmoddi4.o)
 .ARM.attributes
                0x00000444       0x1e C:/ST/STM32CubeIDE_1.15.1/STM32CubeIDE/plugins/com.st.stm32cube.ide.mcu.externaltools.gnu-tools-for-stm32.12.3.rel1.win32_1.0.100.202403111256/tools/bin/../lib/gcc/arm-none-eabi/12.3.1/thumb/v6-m/nofp\libgcc.a(_clzdi2.o)
 .ARM.attributes
                0x00000462       0x1e C:/ST/STM32CubeIDE_1.15.1/STM32CubeIDE/plugins/com.st.stm32cube.ide.mcu.externaltools.gnu-tools-for-stm32.12.3.rel1.win32_1.0.100.202403111256/tools/bin/../lib/gcc/arm-none-eabi/12.3.1/thumb/v6-m/nofp\libgcc.a(_clzsi2.o)
 .ARM.attributes
                0x00000480       0x1e C:/ST/STM32CubeIDE_1.15.1/STM32CubeIDE/plugins/com.st.stm32cube.ide.mcu.externaltools.gnu-tools-for-stm32.12.3.rel1.win32_1.0.100.202403111256/tools/bin/../lib/gcc/arm-none-eabi/12.3.1/thumb/v6-m/nofp/crtn.o
OUTPUT(Tarek-carte_sans_ecran_V1.0.elf elf32-littlearm)
LOAD linker stubs
LOAD C:/ST/STM32CubeIDE_1.15.1/STM32CubeIDE/plugins/com.st.stm32cube.ide.mcu.externaltools.gnu-tools-for-stm32.12.3.rel1.win32_1.0.100.202403111256/tools/bin/../lib/gcc/arm-none-eabi/12.3.1/../../../../arm-none-eabi/lib/thumb/v6-m/nofp\libc.a
LOAD C:/ST/STM32CubeIDE_1.15.1/STM32CubeIDE/plugins/com.st.stm32cube.ide.mcu.externaltools.gnu-tools-for-stm32.12.3.rel1.win32_1.0.100.202403111256/tools/bin/../lib/gcc/arm-none-eabi/12.3.1/../../../../arm-none-eabi/lib/thumb/v6-m/nofp\libm.a
LOAD C:/ST/STM32CubeIDE_1.15.1/STM32CubeIDE/plugins/com.st.stm32cube.ide.mcu.externaltools.gnu-tools-for-stm32.12.3.rel1.win32_1.0.100.202403111256/tools/bin/../lib/gcc/arm-none-eabi/12.3.1/thumb/v6-m/nofp\libgcc.a

.debug_info     0x00000000     0xfb4a
 .debug_info    0x00000000      0xa20 ./Core/Src/graphics.o
 .debug_info    0x00000a20      0x9ab ./Core/Src/lcd.o
 .debug_info    0x000013cb     0x1443 ./Core/Src/main.o
 .debug_info    0x0000280e     0x119f ./Core/Src/stm32u0xx_hal_msp.o
 .debug_info    0x000039ad      0x831 ./Core/Src/stm32u0xx_it.o
 .debug_info    0x000041de      0x65b ./Core/Src/system_stm32u0xx.o
 .debug_info    0x00004839       0x30 ./Core/Startup/startup_stm32u031r8tx.o
 .debug_info    0x00004869      0xa76 ./Drivers/STM32U0xx_HAL_Driver/Src/stm32u0xx_hal.o
 .debug_info    0x000052df      0x8ef ./Drivers/STM32U0xx_HAL_Driver/Src/stm32u0xx_hal_cortex.o
 .debug_info    0x00005bce      0x873 ./Drivers/STM32U0xx_HAL_Driver/Src/stm32u0xx_hal_dma.o
 .debug_info    0x00006441      0x590 ./Drivers/STM32U0xx_HAL_Driver/Src/stm32u0xx_hal_gpio.o
 .debug_info    0x000069d1      0x855 ./Drivers/STM32U0xx_HAL_Driver/Src/stm32u0xx_hal_pwr_ex.o
 .debug_info    0x00007226      0xc37 ./Drivers/STM32U0xx_HAL_Driver/Src/stm32u0xx_hal_rcc.o
 .debug_info    0x00007e5d      0xe98 ./Drivers/STM32U0xx_HAL_Driver/Src/stm32u0xx_hal_rcc_ex.o
 .debug_info    0x00008cf5     0x1767 ./Drivers/STM32U0xx_HAL_Driver/Src/stm32u0xx_hal_spi.o
 .debug_info    0x0000a45c     0x4701 ./Drivers/STM32U0xx_HAL_Driver/Src/stm32u0xx_hal_uart.o
 .debug_info    0x0000eb5d      0xfed ./Drivers/STM32U0xx_HAL_Driver/Src/stm32u0xx_hal_uart_ex.o

.debug_abbrev   0x00000000     0x247a
 .debug_abbrev  0x00000000      0x166 ./Core/Src/graphics.o
 .debug_abbrev  0x00000166      0x269 ./Core/Src/lcd.o
 .debug_abbrev  0x000003cf      0x2e0 ./Core/Src/main.o
 .debug_abbrev  0x000006af      0x1f0 ./Core/Src/stm32u0xx_hal_msp.o
 .debug_abbrev  0x0000089f      0x193 ./Core/Src/stm32u0xx_it.o
 .debug_abbrev  0x00000a32      0x117 ./Core/Src/system_stm32u0xx.o
 .debug_abbrev  0x00000b49       0x24 ./Core/Startup/startup_stm32u031r8tx.o
 .debug_abbrev  0x00000b6d      0x29c ./Drivers/STM32U0xx_HAL_Driver/Src/stm32u0xx_hal.o
 .debug_abbrev  0x00000e09      0x2ab ./Drivers/STM32U0xx_HAL_Driver/Src/stm32u0xx_hal_cortex.o
 .debug_abbrev  0x000010b4      0x214 ./Drivers/STM32U0xx_HAL_Driver/Src/stm32u0xx_hal_dma.o
 .debug_abbrev  0x000012c8      0x1c8 ./Drivers/STM32U0xx_HAL_Driver/Src/stm32u0xx_hal_gpio.o
 .debug_abbrev  0x00001490      0x212 ./Drivers/STM32U0xx_HAL_Driver/Src/stm32u0xx_hal_pwr_ex.o
 .debug_abbrev  0x000016a2      0x2d8 ./Drivers/STM32U0xx_HAL_Driver/Src/stm32u0xx_hal_rcc.o
 .debug_abbrev  0x0000197a      0x28d ./Drivers/STM32U0xx_HAL_Driver/Src/stm32u0xx_hal_rcc_ex.o
 .debug_abbrev  0x00001c07      0x290 ./Drivers/STM32U0xx_HAL_Driver/Src/stm32u0xx_hal_spi.o
 .debug_abbrev  0x00001e97      0x310 ./Drivers/STM32U0xx_HAL_Driver/Src/stm32u0xx_hal_uart.o
 .debug_abbrev  0x000021a7      0x2d3 ./Drivers/STM32U0xx_HAL_Driver/Src/stm32u0xx_hal_uart_ex.o

.debug_aranges  0x00000000      0xce0
 .debug_aranges
                0x00000000       0xb8 ./Core/Src/graphics.o
 .debug_aranges
                0x000000b8       0x60 ./Core/Src/lcd.o
 .debug_aranges
                0x00000118       0x50 ./Core/Src/main.o
 .debug_aranges
                0x00000168       0x40 ./Core/Src/stm32u0xx_hal_msp.o
 .debug_aranges
                0x000001a8       0x48 ./Core/Src/stm32u0xx_it.o
 .debug_aranges
                0x000001f0       0x28 ./Core/Src/system_stm32u0xx.o
 .debug_aranges
                0x00000218       0x28 ./Core/Startup/startup_stm32u031r8tx.o
 .debug_aranges
                0x00000240      0x158 ./Drivers/STM32U0xx_HAL_Driver/Src/stm32u0xx_hal.o
 .debug_aranges
                0x00000398       0xe8 ./Drivers/STM32U0xx_HAL_Driver/Src/stm32u0xx_hal_cortex.o
 .debug_aranges
                0x00000480       0x90 ./Drivers/STM32U0xx_HAL_Driver/Src/stm32u0xx_hal_dma.o
 .debug_aranges
                0x00000510       0x60 ./Drivers/STM32U0xx_HAL_Driver/Src/stm32u0xx_hal_gpio.o
 .debug_aranges
                0x00000570      0x130 ./Drivers/STM32U0xx_HAL_Driver/Src/stm32u0xx_hal_pwr_ex.o
 .debug_aranges
                0x000006a0       0x88 ./Drivers/STM32U0xx_HAL_Driver/Src/stm32u0xx_hal_rcc.o
 .debug_aranges
                0x00000728       0xf0 ./Drivers/STM32U0xx_HAL_Driver/Src/stm32u0xx_hal_rcc_ex.o
 .debug_aranges
                0x00000818      0x1d8 ./Drivers/STM32U0xx_HAL_Driver/Src/stm32u0xx_hal_spi.o
 .debug_aranges
                0x000009f0      0x248 ./Drivers/STM32U0xx_HAL_Driver/Src/stm32u0xx_hal_uart.o
 .debug_aranges
                0x00000c38       0xa8 ./Drivers/STM32U0xx_HAL_Driver/Src/stm32u0xx_hal_uart_ex.o

.debug_rnglists
                0x00000000      0xa03
 .debug_rnglists
                0x00000000       0x93 ./Core/Src/graphics.o
 .debug_rnglists
                0x00000093       0x45 ./Core/Src/lcd.o
 .debug_rnglists
                0x000000d8       0x3c ./Core/Src/main.o
 .debug_rnglists
                0x00000114       0x2d ./Core/Src/stm32u0xx_hal_msp.o
 .debug_rnglists
                0x00000141       0x31 ./Core/Src/stm32u0xx_it.o
 .debug_rnglists
                0x00000172       0x1a ./Core/Src/system_stm32u0xx.o
 .debug_rnglists
                0x0000018c       0x19 ./Core/Startup/startup_stm32u031r8tx.o
 .debug_rnglists
                0x000001a5       0xfe ./Drivers/STM32U0xx_HAL_Driver/Src/stm32u0xx_hal.o
 .debug_rnglists
                0x000002a3       0xaa ./Drivers/STM32U0xx_HAL_Driver/Src/stm32u0xx_hal_cortex.o
 .debug_rnglists
                0x0000034d       0x72 ./Drivers/STM32U0xx_HAL_Driver/Src/stm32u0xx_hal_dma.o
 .debug_rnglists
                0x000003bf       0x45 ./Drivers/STM32U0xx_HAL_Driver/Src/stm32u0xx_hal_gpio.o
 .debug_rnglists
                0x00000404       0xe6 ./Drivers/STM32U0xx_HAL_Driver/Src/stm32u0xx_hal_pwr_ex.o
 .debug_rnglists
                0x000004ea       0x68 ./Drivers/STM32U0xx_HAL_Driver/Src/stm32u0xx_hal_rcc.o
 .debug_rnglists
                0x00000552       0xba ./Drivers/STM32U0xx_HAL_Driver/Src/stm32u0xx_hal_rcc_ex.o
 .debug_rnglists
                0x0000060c      0x17a ./Drivers/STM32U0xx_HAL_Driver/Src/stm32u0xx_hal_spi.o
 .debug_rnglists
                0x00000786      0x1fd ./Drivers/STM32U0xx_HAL_Driver/Src/stm32u0xx_hal_uart.o
 .debug_rnglists
                0x00000983       0x80 ./Drivers/STM32U0xx_HAL_Driver/Src/stm32u0xx_hal_uart_ex.o

.debug_macro    0x00000000    0x1a9b8
 .debug_macro   0x00000000       0x41 ./Core/Src/graphics.o
 .debug_macro   0x00000041      0x20d ./Core/Src/lcd.o
 .debug_macro   0x0000024e      0x118 ./Core/Src/lcd.o
 .debug_macro   0x00000366       0x2e ./Core/Src/lcd.o
 .debug_macro   0x00000394       0x28 ./Core/Src/lcd.o
 .debug_macro   0x000003bc       0x22 ./Core/Src/lcd.o
 .debug_macro   0x000003de       0x8e ./Core/Src/lcd.o
 .debug_macro   0x0000046c       0x51 ./Core/Src/lcd.o
 .debug_macro   0x000004bd      0x103 ./Core/Src/lcd.o
 .debug_macro   0x000005c0       0x6a ./Core/Src/lcd.o
 .debug_macro   0x0000062a      0x1df ./Core/Src/lcd.o
 .debug_macro   0x00000809       0x1c ./Core/Src/lcd.o
 .debug_macro   0x00000825       0x22 ./Core/Src/lcd.o
 .debug_macro   0x00000847       0xd1 ./Core/Src/lcd.o
 .debug_macro   0x00000918      0x4da ./Core/Src/lcd.o
 .debug_macro   0x00000df2      0x11f ./Core/Src/lcd.o
 .debug_macro   0x00000f11     0xf892 ./Core/Src/lcd.o
 .debug_macro   0x000107a3       0x6c ./Core/Src/lcd.o
 .debug_macro   0x0001080f     0x3463 ./Core/Src/lcd.o
 .debug_macro   0x00013c72      0x189 ./Core/Src/lcd.o
 .debug_macro   0x00013dfb       0x5a ./Core/Src/lcd.o
 .debug_macro   0x00013e55     0x13de ./Core/Src/lcd.o
 .debug_macro   0x00015233      0x55f ./Core/Src/lcd.o
 .debug_macro   0x00015792      0x1cf ./Core/Src/lcd.o
 .debug_macro   0x00015961      0x175 ./Core/Src/lcd.o
 .debug_macro   0x00015ad6      0x4fa ./Core/Src/lcd.o
 .debug_macro   0x00015fd0      0x280 ./Core/Src/lcd.o
 .debug_macro   0x00016250      0x41e ./Core/Src/lcd.o
 .debug_macro   0x0001666e      0x1b2 ./Core/Src/lcd.o
 .debug_macro   0x00016820       0x43 ./Core/Src/lcd.o
 .debug_macro   0x00016863      0x1f1 ./Core/Src/lcd.o
 .debug_macro   0x00016a54      0x1e3 ./Core/Src/lcd.o
 .debug_macro   0x00016c37      0x375 ./Core/Src/lcd.o
 .debug_macro   0x00016fac       0x2e ./Core/Src/lcd.o
 .debug_macro   0x00016fda       0xe4 ./Core/Src/lcd.o
 .debug_macro   0x000170be      0x128 ./Core/Src/lcd.o
 .debug_macro   0x000171e6      0x3c8 ./Core/Src/lcd.o
 .debug_macro   0x000175ae      0x2fe ./Core/Src/lcd.o
 .debug_macro   0x000178ac      0x693 ./Core/Src/lcd.o
 .debug_macro   0x00017f3f       0xa6 ./Core/Src/lcd.o
 .debug_macro   0x00017fe5      0x5a7 ./Core/Src/lcd.o
 .debug_macro   0x0001858c       0x64 ./Core/Src/lcd.o
 .debug_macro   0x000185f0      0x2e8 ./Core/Src/main.o
 .debug_macro   0x000188d8       0x61 ./Core/Src/main.o
 .debug_macro   0x00018939       0x24 ./Core/Src/main.o
 .debug_macro   0x0001895d       0x43 ./Core/Src/main.o
 .debug_macro   0x000189a0       0x34 ./Core/Src/main.o
 .debug_macro   0x000189d4       0x16 ./Core/Src/main.o
 .debug_macro   0x000189ea       0x43 ./Core/Src/main.o
 .debug_macro   0x00018a2d       0x34 ./Core/Src/main.o
 .debug_macro   0x00018a61       0x10 ./Core/Src/main.o
 .debug_macro   0x00018a71       0x58 ./Core/Src/main.o
 .debug_macro   0x00018ac9       0x8e ./Core/Src/main.o
 .debug_macro   0x00018b57       0x1c ./Core/Src/main.o
 .debug_macro   0x00018b73      0x177 ./Core/Src/main.o
 .debug_macro   0x00018cea      0x369 ./Core/Src/main.o
 .debug_macro   0x00019053       0x10 ./Core/Src/main.o
 .debug_macro   0x00019063       0x35 ./Core/Src/main.o
 .debug_macro   0x00019098       0x20 ./Core/Src/main.o
 .debug_macro   0x000190b8      0x1e6 ./Core/Src/stm32u0xx_hal_msp.o
 .debug_macro   0x0001929e      0x1f0 ./Core/Src/stm32u0xx_it.o
 .debug_macro   0x0001948e      0x1e3 ./Core/Src/system_stm32u0xx.o
 .debug_macro   0x00019671      0x1fb ./Drivers/STM32U0xx_HAL_Driver/Src/stm32u0xx_hal.o
 .debug_macro   0x0001986c      0x1d7 ./Drivers/STM32U0xx_HAL_Driver/Src/stm32u0xx_hal_cortex.o
 .debug_macro   0x00019a43      0x1d7 ./Drivers/STM32U0xx_HAL_Driver/Src/stm32u0xx_hal_dma.o
 .debug_macro   0x00019c1a      0x1dd ./Drivers/STM32U0xx_HAL_Driver/Src/stm32u0xx_hal_gpio.o
 .debug_macro   0x00019df7      0x207 ./Drivers/STM32U0xx_HAL_Driver/Src/stm32u0xx_hal_pwr_ex.o
 .debug_macro   0x00019ffe      0x20d ./Drivers/STM32U0xx_HAL_Driver/Src/stm32u0xx_hal_rcc.o
 .debug_macro   0x0001a20b      0x1e9 ./Drivers/STM32U0xx_HAL_Driver/Src/stm32u0xx_hal_rcc_ex.o
 .debug_macro   0x0001a3f4      0x1df ./Drivers/STM32U0xx_HAL_Driver/Src/stm32u0xx_hal_spi.o
 .debug_macro   0x0001a5d3      0x202 ./Drivers/STM32U0xx_HAL_Driver/Src/stm32u0xx_hal_uart.o
 .debug_macro   0x0001a7d5      0x1e3 ./Drivers/STM32U0xx_HAL_Driver/Src/stm32u0xx_hal_uart_ex.o

.debug_line     0x00000000     0xf8f9
 .debug_line    0x00000000      0x593 ./Core/Src/graphics.o
 .debug_line    0x00000593      0x8e6 ./Core/Src/lcd.o
 .debug_line    0x00000e79      0xb19 ./Core/Src/main.o
 .debug_line    0x00001992      0x82a ./Core/Src/stm32u0xx_hal_msp.o
 .debug_line    0x000021bc      0x7f8 ./Core/Src/stm32u0xx_it.o
 .debug_line    0x000029b4      0x841 ./Core/Src/system_stm32u0xx.o
 .debug_line    0x000031f5       0x7b ./Core/Startup/startup_stm32u031r8tx.o
 .debug_line    0x00003270      0xbce ./Drivers/STM32U0xx_HAL_Driver/Src/stm32u0xx_hal.o
 .debug_line    0x00003e3e      0xbcd ./Drivers/STM32U0xx_HAL_Driver/Src/stm32u0xx_hal_cortex.o
 .debug_line    0x00004a0b      0xeb5 ./Drivers/STM32U0xx_HAL_Driver/Src/stm32u0xx_hal_dma.o
 .debug_line    0x000058c0      0xbd3 ./Drivers/STM32U0xx_HAL_Driver/Src/stm32u0xx_hal_gpio.o
 .debug_line    0x00006493      0xccd ./Drivers/STM32U0xx_HAL_Driver/Src/stm32u0xx_hal_pwr_ex.o
 .debug_line    0x00007160      0xffe ./Drivers/STM32U0xx_HAL_Driver/Src/stm32u0xx_hal_rcc.o
 .debug_line    0x0000815e     0x139e ./Drivers/STM32U0xx_HAL_Driver/Src/stm32u0xx_hal_rcc_ex.o
 .debug_line    0x000094fc     0x1f76 ./Drivers/STM32U0xx_HAL_Driver/Src/stm32u0xx_hal_spi.o
 .debug_line    0x0000b472     0x364b ./Drivers/STM32U0xx_HAL_Driver/Src/stm32u0xx_hal_uart.o
 .debug_line    0x0000eabd      0xe3c ./Drivers/STM32U0xx_HAL_Driver/Src/stm32u0xx_hal_uart_ex.o

.debug_str      0x00000000    0xae2f5
 .debug_str     0x00000000     0x335e ./Core/Src/graphics.o
                               0x33ac (size before relaxing)
 .debug_str     0x0000335e    0xa463a ./Core/Src/lcd.o
                              0xa7b0e (size before relaxing)
 .debug_str     0x000a7998     0x37fc ./Core/Src/main.o
                              0xab2ee (size before relaxing)
 .debug_str     0x000ab194      0x492 ./Core/Src/stm32u0xx_hal_msp.o
                              0xa7e1e (size before relaxing)
 .debug_str     0x000ab626       0xb0 ./Core/Src/stm32u0xx_it.o
                              0xa76a6 (size before relaxing)
 .debug_str     0x000ab6d6      0x18b ./Core/Src/system_stm32u0xx.o
                              0xa71d0 (size before relaxing)
 .debug_str     0x000ab861       0x44 ./Core/Startup/startup_stm32u031r8tx.o
                                 0x82 (size before relaxing)
 .debug_str     0x000ab8a5      0x54b ./Drivers/STM32U0xx_HAL_Driver/Src/stm32u0xx_hal.o
                              0xa791d (size before relaxing)
 .debug_str     0x000abdf0      0x266 ./Drivers/STM32U0xx_HAL_Driver/Src/stm32u0xx_hal_cortex.o
                              0xa757e (size before relaxing)
 .debug_str     0x000ac056      0x2ae ./Drivers/STM32U0xx_HAL_Driver/Src/stm32u0xx_hal_dma.o
                              0xa750d (size before relaxing)
 .debug_str     0x000ac304      0x147 ./Drivers/STM32U0xx_HAL_Driver/Src/stm32u0xx_hal_gpio.o
                              0xa7199 (size before relaxing)
 .debug_str     0x000ac44b      0x48c ./Drivers/STM32U0xx_HAL_Driver/Src/stm32u0xx_hal_pwr_ex.o
                              0xa75fe (size before relaxing)
 .debug_str     0x000ac8d7      0x47c ./Drivers/STM32U0xx_HAL_Driver/Src/stm32u0xx_hal_rcc.o
                              0xa78b4 (size before relaxing)
 .debug_str     0x000acd53      0x511 ./Drivers/STM32U0xx_HAL_Driver/Src/stm32u0xx_hal_rcc_ex.o
                              0xa7966 (size before relaxing)
 .debug_str     0x000ad264      0x55d ./Drivers/STM32U0xx_HAL_Driver/Src/stm32u0xx_hal_spi.o
                              0xa7a6a (size before relaxing)
 .debug_str     0x000ad7c1      0x8c9 ./Drivers/STM32U0xx_HAL_Driver/Src/stm32u0xx_hal_uart.o
                              0xa7ef4 (size before relaxing)
 .debug_str     0x000ae08a      0x26b ./Drivers/STM32U0xx_HAL_Driver/Src/stm32u0xx_hal_uart_ex.o
                              0xa790e (size before relaxing)

.comment        0x00000000       0x43
 .comment       0x00000000       0x43 ./Core/Src/graphics.o
                                 0x44 (size before relaxing)
 .comment       0x00000043       0x44 ./Core/Src/lcd.o
 .comment       0x00000043       0x44 ./Core/Src/main.o
 .comment       0x00000043       0x44 ./Core/Src/stm32u0xx_hal_msp.o
 .comment       0x00000043       0x44 ./Core/Src/stm32u0xx_it.o
 .comment       0x00000043       0x44 ./Core/Src/system_stm32u0xx.o
 .comment       0x00000043       0x44 ./Drivers/STM32U0xx_HAL_Driver/Src/stm32u0xx_hal.o
 .comment       0x00000043       0x44 ./Drivers/STM32U0xx_HAL_Driver/Src/stm32u0xx_hal_cortex.o
 .comment       0x00000043       0x44 ./Drivers/STM32U0xx_HAL_Driver/Src/stm32u0xx_hal_dma.o
 .comment       0x00000043       0x44 ./Drivers/STM32U0xx_HAL_Driver/Src/stm32u0xx_hal_gpio.o
 .comment       0x00000043       0x44 ./Drivers/STM32U0xx_HAL_Driver/Src/stm32u0xx_hal_pwr_ex.o
 .comment       0x00000043       0x44 ./Drivers/STM32U0xx_HAL_Driver/Src/stm32u0xx_hal_rcc.o
 .comment       0x00000043       0x44 ./Drivers/STM32U0xx_HAL_Driver/Src/stm32u0xx_hal_rcc_ex.o
 .comment       0x00000043       0x44 ./Drivers/STM32U0xx_HAL_Driver/Src/stm32u0xx_hal_spi.o
 .comment       0x00000043       0x44 ./Drivers/STM32U0xx_HAL_Driver/Src/stm32u0xx_hal_uart.o
 .comment       0x00000043       0x44 ./Drivers/STM32U0xx_HAL_Driver/Src/stm32u0xx_hal_uart_ex.o

.debug_frame    0x00000000     0x2dc0
 .debug_frame   0x00000000      0x2b0 ./Core/Src/graphics.o
 .debug_frame   0x000002b0      0x124 ./Core/Src/lcd.o
 .debug_frame   0x000003d4       0xec ./Core/Src/main.o
 .debug_frame   0x000004c0       0xb0 ./Core/Src/stm32u0xx_hal_msp.o
 .debug_frame   0x00000570       0xb8 ./Core/Src/stm32u0xx_it.o
 .debug_frame   0x00000628       0x4c ./Core/Src/system_stm32u0xx.o
 .debug_frame   0x00000674      0x4a4 ./Drivers/STM32U0xx_HAL_Driver/Src/stm32u0xx_hal.o
 .debug_frame   0x00000b18      0x33c ./Drivers/STM32U0xx_HAL_Driver/Src/stm32u0xx_hal_cortex.o
 .debug_frame   0x00000e54      0x1f0 ./Drivers/STM32U0xx_HAL_Driver/Src/stm32u0xx_hal_dma.o
 .debug_frame   0x00001044      0x130 ./Drivers/STM32U0xx_HAL_Driver/Src/stm32u0xx_hal_gpio.o
 .debug_frame   0x00001174      0x414 ./Drivers/STM32U0xx_HAL_Driver/Src/stm32u0xx_hal_pwr_ex.o
 .debug_frame   0x00001588      0x1c4 ./Drivers/STM32U0xx_HAL_Driver/Src/stm32u0xx_hal_rcc.o
 .debug_frame   0x0000174c      0x34c ./Drivers/STM32U0xx_HAL_Driver/Src/stm32u0xx_hal_rcc_ex.o
 .debug_frame   0x00001a98      0x710 ./Drivers/STM32U0xx_HAL_Driver/Src/stm32u0xx_hal_spi.o
 .debug_frame   0x000021a8      0x8d8 ./Drivers/STM32U0xx_HAL_Driver/Src/stm32u0xx_hal_uart.o
 .debug_frame   0x00002a80      0x258 ./Drivers/STM32U0xx_HAL_Driver/Src/stm32u0xx_hal_uart_ex.o
 .debug_frame   0x00002cd8       0x20 C:/ST/STM32CubeIDE_1.15.1/STM32CubeIDE/plugins/com.st.stm32cube.ide.mcu.externaltools.gnu-tools-for-stm32.12.3.rel1.win32_1.0.100.202403111256/tools/bin/../lib/gcc/arm-none-eabi/12.3.1/../../../../arm-none-eabi/lib/thumb/v6-m/nofp\libc_nano.a(libc_a-memset.o)
 .debug_frame   0x00002cf8       0x2c C:/ST/STM32CubeIDE_1.15.1/STM32CubeIDE/plugins/com.st.stm32cube.ide.mcu.externaltools.gnu-tools-for-stm32.12.3.rel1.win32_1.0.100.202403111256/tools/bin/../lib/gcc/arm-none-eabi/12.3.1/../../../../arm-none-eabi/lib/thumb/v6-m/nofp\libc_nano.a(libc_a-init.o)
 .debug_frame   0x00002d24       0x20 C:/ST/STM32CubeIDE_1.15.1/STM32CubeIDE/plugins/com.st.stm32cube.ide.mcu.externaltools.gnu-tools-for-stm32.12.3.rel1.win32_1.0.100.202403111256/tools/bin/../lib/gcc/arm-none-eabi/12.3.1/../../../../arm-none-eabi/lib/thumb/v6-m/nofp\libc_nano.a(libc_a-strcmp.o)
 .debug_frame   0x00002d44       0x20 C:/ST/STM32CubeIDE_1.15.1/STM32CubeIDE/plugins/com.st.stm32cube.ide.mcu.externaltools.gnu-tools-for-stm32.12.3.rel1.win32_1.0.100.202403111256/tools/bin/../lib/gcc/arm-none-eabi/12.3.1/thumb/v6-m/nofp\libgcc.a(_udivsi3.o)
 .debug_frame   0x00002d64       0x20 C:/ST/STM32CubeIDE_1.15.1/STM32CubeIDE/plugins/com.st.stm32cube.ide.mcu.externaltools.gnu-tools-for-stm32.12.3.rel1.win32_1.0.100.202403111256/tools/bin/../lib/gcc/arm-none-eabi/12.3.1/thumb/v6-m/nofp\libgcc.a(_divsi3.o)
 .debug_frame   0x00002d84       0x3c C:/ST/STM32CubeIDE_1.15.1/STM32CubeIDE/plugins/com.st.stm32cube.ide.mcu.externaltools.gnu-tools-for-stm32.12.3.rel1.win32_1.0.100.202403111256/tools/bin/../lib/gcc/arm-none-eabi/12.3.1/thumb/v6-m/nofp\libgcc.a(_udivmoddi4.o)

.debug_line_str
                0x00000000       0x66
 .debug_line_str
                0x00000000       0x66 ./Core/Startup/startup_stm32u031r8tx.o
